2026-09-04T18:29:08.854Z  === СУХИЙ ПРОГІН — нічого не змінюється ===
2026-09-04T18:29:10.048Z  Знайдено записів для перенесення: 1000
2026-09-04T18:29:10.049Z    dolenosne-rishennya → https://storriss.com/storage/posts/July2025/xFpgoyehGIr84yQZ87Gj-966x676.jpg
2026-09-04T18:29:10.050Z    ti-prijdesh → https://storriss.com/storage/posts/October2023/iVRwb6hlxXe0te465G3k-966x676.jpg
2026-09-04T18:29:10.053Z    horoshi-druzi → https://storriss.com/storage/posts/December2023/Y5iVmhSRTUdJQnIxOxd9-966x676.jpg
2026-09-04T18:29:10.054Z    vikno-navproti → https://storriss.com/storage/posts/February2026/krzJl1a5UWL1OwfSe9A7-966x676.jpg
2026-09-04T18:29:10.055Z    martinivski-povertayutsya → https://storriss.com/storage/posts/July2023/FJVy9afOW7XT4rYtBaYT-966x676.jpg
2026-09-04T18:29:10.056Z    virina-nelyubov3 → https://storriss.com/storage/posts/June2024/ByZQrsuM41xx0p4EmRTx-966x676.jpg
2026-09-04T18:29:10.056Z    na-krayu-chuzhogo-gnizda → https://storriss.com/storage/posts/December2023/QPuiCp2oiReDRLaq1OYg-966x676.jpg
2026-09-04T18:29:10.057Z    dotiki → https://storriss.com/storage/posts/October2023/e0mMPTzeynRC2wuV0sIE-966x676.jpg
2026-09-04T18:29:10.057Z    vazhki-dumki → https://storriss.com/storage/posts/March2023/a1eVvycdhr7Zb6qES1oG-966x676.jpg
2026-09-04T18:29:10.060Z    pivoniyi-i-trohi-kohannya → https://storriss.com/storage/posts/November2025/U2mlImwy9pYWwLGViWtw-966x676.jpg
2026-09-04T18:29:10.063Z    … і ще 990
2026-09-04T18:29:10.064Z  
2026-09-04T18:29:10.064Z  Щоб виконати перенесення, запустіть без --dry
2026-09-04T18:30:24.962Z  === ПЕРЕНЕСЕННЯ ===
2026-09-04T18:30:26.218Z  Знайдено записів для перенесення: 1000
2026-09-04T18:30:27.405Z    ✓ martinivski-povertayutsya  0.1 → 0.0 МБ
2026-09-04T18:30:27.411Z    ✓ horoshi-druzi  0.1 → 0.0 МБ
2026-09-04T18:30:27.419Z    ✓ vikno-navproti  0.1 → 0.0 МБ
2026-09-04T18:30:27.479Z    ✓ dolenosne-rishennya  0.1 → 0.0 МБ
2026-09-04T18:30:27.596Z    ✓ ti-prijdesh  0.1 → 0.1 МБ
2026-09-04T18:30:28.544Z    ✓ na-krayu-chuzhogo-gnizda  0.1 → 0.0 МБ
2026-09-04T18:30:28.547Z    ✓ vazhki-dumki  0.1 → 0.0 МБ
2026-09-04T18:30:28.551Z    ✓ dotiki  0.0 → 0.0 МБ
2026-09-04T18:30:28.562Z    ✓ pivoniyi-i-trohi-kohannya  0.1 → 0.1 МБ
2026-09-04T18:30:28.573Z    ✓ virina-nelyubov3  0.1 → 0.0 МБ
2026-09-04T18:30:29.443Z    ✓ margo  0.0 → 0.0 МБ
2026-09-04T18:30:29.475Z    ✓ dvi-civki-moloka  0.1 → 0.0 МБ
2026-09-04T18:30:29.502Z    ✓ pershe-pobachennya  0.1 → 0.1 МБ
2026-09-04T18:30:29.536Z    ✓ kazka-dlya-alisi  0.1 → 0.0 МБ
2026-09-04T18:30:29.605Z    ✓ yak-tolik-do-marinki-hodiv  0.1 → 0.1 МБ
2026-09-04T18:30:30.442Z    ✓ najkrasha-podruzhka  0.0 → 0.0 МБ
2026-09-04T18:30:30.455Z    ✓ galopom-po-svitah  0.0 → 0.0 МБ
2026-09-04T18:30:30.468Z    ✓ mati-odinachka  0.1 → 0.0 МБ
2026-09-04T18:30:30.481Z    ✓ mama-lyubit  0.1 → 0.0 МБ
2026-09-04T18:30:30.540Z    ✓ likar-ce-mozhna-skazati-najvazhlivisha-profesiya  0.1 → 0.0 МБ
2026-09-04T18:30:31.434Z    ✓ pozichenij-cholovik  0.1 → 0.1 МБ
2026-09-04T18:30:31.440Z    ✓ cherevichki  0.1 → 0.0 МБ
2026-09-04T18:30:31.449Z    ✓ ti-yak-bilshe-lyubish  0.1 → 0.0 МБ
2026-09-04T18:30:31.460Z    ✓ tihi-kroki-j-micni-obijmi  0.1 → 0.0 МБ
2026-09-04T18:30:31.464Z    ✓ shkola-i-zhittya  0.1 → 0.0 МБ
2026-09-04T18:30:32.310Z    ✓ interdivchina  0.0 → 0.0 МБ
2026-09-04T18:30:32.317Z    ✓ zapiski-teplogo-masla  0.1 → 0.0 МБ
2026-09-04T18:30:32.318Z    ✓ divo  0.0 → 0.0 МБ
2026-09-04T18:30:32.328Z    ✓ smert-boga  0.1 → 0.0 МБ
2026-09-04T18:30:32.333Z    ✓ cej-muzhchina-tilki-mij  0.1 → 0.0 МБ
2026-09-04T18:30:33.118Z    ✓ ranok-pokazhe  0.0 → 0.0 МБ
2026-09-04T18:30:33.134Z    ✓ himera  0.0 → 0.0 МБ
2026-09-04T18:30:33.206Z    ✓ dolya  0.1 → 0.0 МБ
2026-09-04T18:30:33.318Z    ✓ mij-geroj  0.1 → 0.0 МБ
2026-09-04T18:30:33.535Z    ✓ nerivnij-shlyub  0.0 → 0.0 МБ
2026-09-04T18:30:34.354Z    ✓ malenkij-zlodij  0.0 → 0.0 МБ
2026-09-04T18:30:34.442Z    ✓ kaminne-serce  0.0 → 0.0 МБ
2026-09-04T18:30:34.445Z    ✓ koli-znahodish-dolyu-zagubivshi-gamanec  0.1 → 0.0 МБ
2026-09-04T18:30:34.580Z    ✓ neskushtovani-cukerki  0.1 → 0.0 МБ
2026-09-04T18:30:35.390Z    ✓ svoboda-pid-chuzhim-dahom  0.1 → 0.0 МБ
2026-09-04T18:30:36.226Z    ✓ tortik-z-vishenkoyu-i-fioletovi-koti  0.1 → 0.0 МБ
2026-09-04T18:30:36.237Z    ✓ slipa-lyubov  0.1 → 0.0 МБ
2026-09-04T18:30:36.260Z    ✓ za-chuzhi-grihi  0.1 → 0.0 МБ
2026-09-04T18:30:36.262Z    ✓ ves-svit-teatr-odnogo-aktora  0.0 → 0.0 МБ
2026-09-04T18:30:36.398Z    ✓ darunok-dlya-mario  0.1 → 0.1 МБ
2026-09-04T18:30:37.204Z    ✓ aktorka-abo-selo-i-lyudi  0.0 → 0.0 МБ
2026-09-04T18:30:37.217Z    ✓ lyubov-do-nichnogo-neba  0.1 → 0.0 МБ
2026-09-04T18:30:37.294Z    ✓ zeleni-sni-vesni  0.1 → 0.1 МБ
2026-09-04T18:30:37.296Z    ✓ zaruchnicya-vlasnogo-vchinku  0.0 → 0.0 МБ
2026-09-04T18:30:37.311Z    ✓ sila-polinu36  0.1 → 0.1 МБ
2026-09-04T18:30:37.312Z  --- оброблено 50 з 1000 ---
2026-09-04T18:30:38.081Z    ✓ yangoli-ne-mayut-pomirati  0.0 → 0.0 МБ
2026-09-04T18:30:38.093Z    ✓ dobrovolci-abo-dushi-kiyan  0.0 → 0.0 МБ
2026-09-04T18:30:38.138Z    ✓ viriti-i-chekati  0.1 → 0.0 МБ
2026-09-04T18:30:38.167Z    ✓ pro-pirogi-ta-narechenih  0.1 → 0.0 МБ
2026-09-04T18:30:38.221Z    ✓ kazka-na-nich  0.1 → 0.1 МБ
2026-09-04T18:30:39.050Z    ✓ sonechko368  0.1 → 0.0 МБ
2026-09-04T18:30:39.058Z    ✓ bezgluzda-svarka  0.1 → 0.0 МБ
2026-09-04T18:30:39.063Z    ✓ iz-gostini  0.1 → 0.0 МБ
2026-09-04T18:30:39.070Z    ✓ sho-bog-z-yednav  0.1 → 0.0 МБ
2026-09-04T18:30:39.094Z    ✓ zustrich-z-minulim  0.1 → 0.0 МБ
2026-09-04T18:30:39.915Z    ✓ kartonnij-budinochok  0.1 → 0.1 МБ
2026-09-04T18:30:39.922Z    ✓ ne-z-tim-ne-z-tiyeyu  0.0 → 0.0 МБ
2026-09-04T18:30:39.935Z    ✓ kudi-pishov-bog  0.0 → 0.0 МБ
2026-09-04T18:30:39.941Z    ✓ dobrij-cholovik625  0.1 → 0.0 МБ
2026-09-04T18:30:39.967Z    ✓ mariupol-do-zapitannya  0.1 → 0.0 МБ
2026-09-04T18:30:40.765Z    ✓ vovchik-vovchikovi-vovk  0.1 → 0.0 МБ
2026-09-04T18:30:40.776Z    ✓ den-sekondu  0.0 → 0.0 МБ
2026-09-04T18:30:40.814Z    ✓ malenki-rozmovi  0.1 → 0.0 МБ
2026-09-04T18:30:40.823Z    ✓ bosonizhka  0.1 → 0.1 МБ
2026-09-04T18:30:40.827Z    ✓ rizdvo-dlya-viri6589  0.1 → 0.0 МБ
2026-09-04T18:30:41.640Z    ✓ kaminchik  0.0 → 0.0 МБ
2026-09-04T18:30:41.649Z    ✓ take-vono-zhittya  0.1 → 0.0 МБ
2026-09-04T18:30:41.693Z    ✓ umij-kohati-i-probachati  0.1 → 0.0 МБ
2026-09-04T18:30:41.702Z    ✓ velikodni-dzvoni  0.0 → 0.0 МБ
2026-09-04T18:30:41.735Z    ✓ irina-agafonova-yasinska-ya-ne-vvazhayu-sebe-pismenniceyu-ya-lyudina-yaka-pishe  0.1 → 0.1 МБ
2026-09-04T18:30:42.636Z    ✓ koshik-z-lavandoyu  0.1 → 0.1 МБ
2026-09-04T18:30:42.647Z    ✓ girka-vdyachnist  0.1 → 0.0 МБ
2026-09-04T18:30:44.595Z    ✓ vtracheni-svitanki  0.1 → 0.0 МБ
2026-09-04T18:30:44.597Z    ✓ intersiti  0.1 → 0.0 МБ
2026-09-04T18:30:44.600Z    ✓ supernicya658  0.1 → 0.0 МБ
2026-09-04T18:30:45.437Z    ✓ ridna-krov  0.1 → 0.0 МБ
2026-09-04T18:30:45.702Z    ✓ duet-pid-verboyu  0.1 → 0.0 МБ
2026-09-04T18:30:45.741Z    ✓ smishna-istoriya  0.1 → 0.0 МБ
2026-09-04T18:30:45.767Z    ✓ list-u-holodilniku  0.1 → 0.0 МБ
2026-09-04T18:30:47.576Z    ✓ ia-pokokhala-vas-na-linii-vohniu  0.1 → 0.0 МБ
2026-09-04T18:30:48.599Z    ✓ shejma  0.1 → 0.0 МБ
2026-09-04T18:30:48.602Z    ✓ shalaput888  0.0 → 0.0 МБ
2026-09-04T18:30:48.605Z    ✓ probach-meni-sinku  0.1 → 0.0 МБ
2026-09-04T18:30:48.804Z    ✓ ya-lyubila-i-lyublyu  0.1 → 0.1 МБ
2026-09-04T18:30:49.103Z    ✓ oce-tobi-j-zyat  0.0 → 0.0 МБ
2026-09-04T18:30:49.914Z    ✓ hoch-kartini-pishi  0.1 → 0.0 МБ
2026-09-04T18:30:49.958Z    ✓ chesna-vidplata  0.1 → 0.0 МБ
2026-09-04T18:30:49.981Z    ✓ a-lipa-pid-viknom-svoyim-charuye-trunkom  0.0 → 0.0 МБ
2026-09-04T18:30:50.091Z    ✓ trivozhna-valizka  0.1 → 0.0 МБ
2026-09-04T18:30:50.196Z    ✓ velika-prigoda-malih-mishenyat  0.1 → 0.1 МБ
2026-09-04T18:30:51.058Z    ✓ proshennya  0.1 → 0.0 МБ
2026-09-04T18:30:51.076Z    ✓ tri-sni-z-toboyu  0.1 → 0.0 МБ
2026-09-04T18:30:51.096Z    ✓ sezon-moroziva  0.1 → 0.0 МБ
2026-09-04T18:30:51.355Z    ✓ yak-polyubiti-dosh  0.1 → 0.1 МБ
2026-09-04T18:30:51.442Z    ✓ lyudi-z-minulogo  0.9 → 0.0 МБ
2026-09-04T18:30:51.443Z  --- оброблено 100 з 1000 ---
2026-09-04T18:30:52.133Z    ✓ rizdvo  0.1 → 0.0 МБ
2026-09-04T18:30:52.261Z    ✓ dopoki-sonce-syaye  0.0 → 0.0 МБ
2026-09-04T18:30:52.275Z    ✓ ti-prosto-nagadav-meni-yakoyu-ya-ye-spravzhnoyu  0.1 → 0.0 МБ
2026-09-04T18:30:52.280Z    ✓ olka-barabolka  0.0 → 0.0 МБ
2026-09-04T18:30:52.294Z    ✓ rozbiti-sercya  0.1 → 0.0 МБ
2026-09-04T18:30:53.090Z    ✓ litnya-vtecha-udvoh  0.1 → 0.0 МБ
2026-09-04T18:30:53.107Z    ✓ zyat-piznayetsya-v-bidi  0.1 → 0.0 МБ
2026-09-04T18:30:53.114Z    ✓ dzvin-sovisti  0.0 → 0.0 МБ
2026-09-04T18:30:53.162Z    ✓ vtikayuchi-vid-samotnosti  0.1 → 0.0 МБ
2026-09-04T18:30:53.182Z    ✓ proshennya3235  0.1 → 0.0 МБ
2026-09-04T18:30:54.229Z    ✓ poyihali-dodomu  0.1 → 0.0 МБ
2026-09-04T18:30:54.232Z    ✓ spi-isuse-spi  0.1 → 0.0 МБ
2026-09-04T18:30:54.332Z    ✓ sirna-feya  0.0 → 0.0 МБ
2026-09-04T18:30:54.334Z    ✓ mislivci-na-muhomoriv  0.1 → 0.1 МБ
2026-09-04T18:30:54.784Z    ✓ ya-probachila-jomu-ale-ne-zabula  0.1 → 0.0 МБ
2026-09-04T18:30:55.592Z    ✓ vira  0.1 → 0.0 МБ
2026-09-04T18:30:55.623Z    ✓ vishni  0.0 → 0.0 МБ
2026-09-04T18:30:55.639Z    ✓ dostigli-babusini-grushi  0.1 → 0.0 МБ
2026-09-04T18:30:55.646Z    ✓ u-radosti-ta-ne-v-gori  0.1 → 0.0 МБ
2026-09-04T18:30:55.668Z    ✓ obid-vecherya  0.0 → 0.0 МБ
2026-09-04T18:30:56.411Z    ✓ sho-z-yednano-na-nebi-nehaj-ne-bude-roz-yednano-na-zemli  0.0 → 0.0 МБ
2026-09-04T18:30:56.488Z    ✓ do-ostannogo-skelcya  0.0 → 0.0 МБ
2026-09-04T18:30:56.503Z    ✓ koli-roztane-najbilsha-snizhinka  0.1 → 0.0 МБ
2026-09-04T18:30:56.554Z    ✓ glevki-kalachiki  0.1 → 0.0 МБ
2026-09-04T18:30:56.644Z    ✓ more-sho-pahne-ditinstvom  0.1 → 0.0 МБ
2026-09-04T18:30:57.428Z    ✓ zaberit-nas-babusyu  0.1 → 0.0 МБ
2026-09-04T18:30:57.504Z    ✓ ne-svataj-divki-v-susidiv  0.1 → 0.1 МБ
2026-09-04T18:30:57.520Z    ✓ des-tam-u-kiyevi  0.0 → 0.0 МБ
2026-09-04T18:30:57.529Z    ✓ dityachi-spovidi  0.1 → 0.0 МБ
2026-09-04T18:30:57.544Z    ✓ ti-tilki-podaruj-komus-kraplinku-shastya  0.0 → 0.0 МБ
2026-09-04T18:30:58.373Z    ✓ gonitva-za-zhovtim-zajcem  0.1 → 0.0 МБ
2026-09-04T18:30:58.379Z    ✓ bog-yakij-lyubit-lyudej  0.1 → 0.0 МБ
2026-09-04T18:30:58.438Z    ✓ ya-povernusya-v-nash-najkrashij-den  0.1 → 0.0 МБ
2026-09-04T18:30:58.454Z    ✓ ne-zminyujte-nichogo  0.0 → 0.0 МБ
2026-09-04T18:30:58.456Z    ✓ mariye-mariye  0.1 → 0.0 МБ
2026-09-04T18:30:59.285Z    ✓ korablik-shastya  0.1 → 0.0 МБ
2026-09-04T18:30:59.289Z    ✓ prominchik666  0.0 → 0.0 МБ
2026-09-04T18:30:59.370Z    ✓ lovelas  0.1 → 0.0 МБ
2026-09-04T18:30:59.397Z    ✓ mankurt  0.1 → 0.0 МБ
2026-09-04T18:30:59.452Z    ✓ romashka  0.0 → 0.0 МБ
2026-09-04T18:31:00.297Z    ✓ prodav-druzhka2  0.1 → 0.0 МБ
2026-09-04T18:31:00.351Z    ✓ olesina-lyubov  0.1 → 0.0 МБ
2026-09-04T18:31:00.356Z    ✓ ruzya  0.1 → 0.1 МБ
2026-09-04T18:31:00.400Z    ✓ vibir582  0.1 → 0.1 МБ
2026-09-04T18:31:00.872Z    ✓ pered-velikodnem3  0.1 → 0.0 МБ
2026-09-04T18:31:01.700Z    ✓ ti-kvitka-moya-charivna  0.1 → 0.0 МБ
2026-09-04T18:31:01.705Z    ✓ ziv-yalij-sad  0.1 → 0.0 МБ
2026-09-04T18:31:01.783Z    ✓ karpatski-diva23  0.1 → 0.0 МБ
2026-09-04T18:31:01.804Z    ✓ sluzhba-dostavki-shastya  0.1 → 0.1 МБ
2026-09-04T18:31:01.810Z    ✓ nemaye-rozluki  0.1 → 0.0 МБ
2026-09-04T18:31:01.811Z  --- оброблено 150 з 1000 ---
2026-09-04T18:31:02.677Z    ✓ nevimovno-potriben252  0.1 → 0.1 МБ
2026-09-04T18:31:02.686Z    ✓ nadiya-v-serci-nadya-u-zhitti  0.1 → 0.0 МБ
2026-09-04T18:31:02.695Z    ✓ svitlo-nadiyi  0.1 → 0.0 МБ
2026-09-04T18:31:02.737Z    ✓ ya-bachu333  0.1 → 0.0 МБ
2026-09-04T18:31:02.788Z    ✓ kroki-za-dverima  0.1 → 0.0 МБ
2026-09-04T18:31:03.649Z    ✓ lisovichok  0.1 → 0.0 МБ
2026-09-04T18:31:03.651Z    ✓ i-do-vorozhki-ne-hodi  0.1 → 0.0 МБ
2026-09-04T18:31:03.654Z    ✓ serce-pidkazhe  0.1 → 0.0 МБ
2026-09-04T18:31:03.718Z    ✓ osinnya-istoriya  0.0 → 0.0 МБ
2026-09-04T18:31:05.639Z    ✓ dobre-z-mamoyu  1.4 → 0.1 МБ
2026-09-04T18:31:06.464Z    ✓ shira-dusha  0.1 → 0.0 МБ
2026-09-04T18:31:06.519Z    ✓ grishnicya  0.1 → 0.0 МБ
2026-09-04T18:31:06.532Z    ✓ paska-babusi-katerini  0.1 → 0.0 МБ
2026-09-04T18:31:06.631Z    ✓ zirka-materi  0.1 → 0.1 МБ
2026-09-04T18:31:06.659Z    ✓ zhivij-pidkresleno  0.1 → 0.1 МБ
2026-09-04T18:31:07.493Z    ✓ virnist-zavdovzhki-v-zhittya  0.1 → 0.0 МБ
2026-09-04T18:31:07.511Z    ✓ tonkij-parostok  0.1 → 0.0 МБ
2026-09-04T18:31:07.519Z    ✓ ti-znayesh-yak-cvite-rozmaj874  0.1 → 0.0 МБ
2026-09-04T18:31:07.568Z    ✓ carstvo-spogadiv  0.0 → 0.0 МБ
2026-09-04T18:31:08.202Z    ✓ koli-odcvite-loboda  0.1 → 0.0 МБ
2026-09-04T18:31:09.036Z    ✓ yak-u-boga-za-pazuhoyu  0.1 → 0.0 МБ
2026-09-04T18:31:09.070Z    ✓ de-tonko-tam-i-rvetsya  0.1 → 0.0 МБ
2026-09-04T18:31:09.095Z    ✓ zmarnovani-zhittya  0.1 → 0.0 МБ
2026-09-04T18:31:09.111Z    ✓ kosa-na-kamin  0.1 → 0.0 МБ
2026-09-04T18:31:09.156Z    ✓ yabluka-z-medom  0.1 → 0.1 МБ
2026-09-04T18:31:09.961Z    ✓ privit-ce-ya  0.1 → 0.0 МБ
2026-09-04T18:31:09.974Z    ✓ chuzhi-ridni  0.0 → 0.0 МБ
2026-09-04T18:31:09.984Z    ✓ prohannya-do-mikolaya  0.0 → 0.0 МБ
2026-09-04T18:31:10.047Z    ✓ koleso-doli  0.1 → 0.0 МБ
2026-09-04T18:31:10.612Z    ✓ podarunok  0.1 → 0.0 МБ
2026-09-04T18:31:11.369Z    ✓ dyakuyu-brate2522  0.0 → 0.0 МБ
2026-09-04T18:31:11.397Z    ✓ moya-donechka-nastusya  0.0 → 0.0 МБ
2026-09-04T18:31:11.424Z    ✓ ostannya-sproba-i-yedinij-shans  0.1 → 0.0 МБ
2026-09-04T18:31:11.538Z    ✓ voyin-lyubovi-ta-dobra  0.1 → 0.1 МБ
2026-09-04T18:31:11.549Z    ✓ mandrivka  0.1 → 0.1 МБ
2026-09-04T18:31:12.286Z    ✓ rodzinka  0.1 → 0.0 МБ
2026-09-04T18:31:12.347Z    ✓ nedosyazhnij-bereg  0.0 → 0.0 МБ
2026-09-04T18:31:12.370Z    ✓ bili-yabluka-v-peleni-biloyi-nochi  0.1 → 0.0 МБ
2026-09-04T18:31:12.468Z    ✓ zhorna  0.1 → 0.1 МБ
2026-09-04T18:31:12.470Z    ✓ ukrayinskij-borsh  0.1 → 0.1 МБ
2026-09-04T18:31:13.309Z    ✓ tak-hochetsya-zhiti-prosto-zhiti  0.1 → 0.0 МБ
2026-09-04T18:31:13.363Z    ✓ tayemnicha-istoriya  0.1 → 0.0 МБ
2026-09-04T18:31:13.370Z    ✓ samotnist6582  0.1 → 0.0 МБ
2026-09-04T18:31:13.517Z    ✓ zustrich-sho-zminyuye-zhittya  0.1 → 0.1 МБ
2026-09-04T18:31:13.527Z    ✓ mriya  0.0 → 0.0 МБ
2026-09-04T18:31:14.326Z    ✓ yangol-na-vikni  0.1 → 0.0 МБ
2026-09-04T18:31:14.343Z    ✓ dobro-povertayetsya  0.0 → 0.0 МБ
2026-09-04T18:31:14.383Z    ✓ de-moya-stezhina  0.1 → 0.0 МБ
2026-09-04T18:31:14.392Z    ✓ chomu-prihodit-i-jde-lyubov  0.1 → 0.0 МБ
2026-09-04T18:31:14.414Z    ✓ sira-mishka  0.1 → 0.0 МБ
2026-09-04T18:31:14.414Z  --- оброблено 200 з 1000 ---
2026-09-04T18:31:15.230Z    ✓ knizhkovij-vampir  0.0 → 0.0 МБ
2026-09-04T18:31:15.257Z    ✓ v-yazni  0.1 → 0.0 МБ
2026-09-04T18:31:15.264Z    ✓ cholovik-u-sviti-zalishaye-grih-zhinka-nese-na-porig  0.1 → 0.0 МБ
2026-09-04T18:31:15.289Z    ✓ pivoniyi363  0.1 → 0.1 МБ
2026-09-04T18:31:15.425Z    ✓ karolina-korolevich-povertayetsya-dodomu  0.1 → 0.1 МБ
2026-09-04T18:31:16.244Z    ✓ nova-vira358  0.1 → 0.0 МБ
2026-09-04T18:31:16.266Z    ✓ ale-vin-chekaye-na-neyi  0.0 → 0.0 МБ
2026-09-04T18:31:16.420Z    ✓ zhittya-prekrasne2  0.1 → 0.0 МБ
2026-09-04T18:31:16.429Z    ✓ gribna-lihomanka  0.1 → 0.0 МБ
2026-09-04T18:31:16.511Z    ✓ vidpustka-v-seli  0.1 → 0.1 МБ
2026-09-04T18:31:17.331Z    ✓ she-ne-chas369  0.0 → 0.0 МБ
2026-09-04T18:31:17.340Z    ✓ var-yatka  0.1 → 0.0 МБ
2026-09-04T18:31:17.349Z    ✓ chuzhi-ridni-sestri  0.1 → 0.0 МБ
2026-09-04T18:31:17.549Z    ✓ hvostatij-zlodij  0.2 → 0.1 МБ
2026-09-04T18:31:17.576Z    ✓ kukurudza-na-m-yati  0.1 → 0.0 МБ
2026-09-04T18:31:18.381Z    ✓ gnizdo  0.0 → 0.0 МБ
2026-09-04T18:31:18.427Z    ✓ ne-shukaj-yiyi  0.1 → 0.0 МБ
2026-09-04T18:31:18.434Z    ✓ voni-buli-inakshimi  0.1 → 0.0 МБ
2026-09-04T18:31:18.471Z    ✓ rizdvyane-divo258  0.1 → 0.0 МБ
2026-09-04T18:31:18.481Z    ✓ emilka  0.1 → 0.0 МБ
2026-09-04T18:31:19.231Z    ✓ pochuttia-obrazy  0.0 → 0.0 МБ
2026-09-04T18:31:19.254Z    ✓ yakbi-na-tvoyemu-misci-bula-insha  0.0 → 0.0 МБ
2026-09-04T18:31:19.275Z    ✓ na-chornij-den  0.1 → 0.0 МБ
2026-09-04T18:31:19.392Z    ✓ jogo-nadiya  0.1 → 0.1 МБ
2026-09-04T18:31:19.458Z    ✓ movchannya-zoloto  0.1 → 0.1 МБ
2026-09-04T18:31:20.234Z    ✓ groshi-j-dim  0.0 → 0.0 МБ
2026-09-04T18:31:20.245Z    ✓ gorobina-litnya-nich  0.1 → 0.0 МБ
2026-09-04T18:31:20.289Z    ✓ pokin-yiyi-inakshe-bida-bude  0.1 → 0.0 МБ
2026-09-04T18:31:20.324Z    ✓ muzika258  0.1 → 0.0 МБ
2026-09-04T18:31:20.546Z    ✓ dvichi-v-odnu-richku  0.1 → 0.0 МБ
2026-09-04T18:31:21.371Z    ✓ dolya337  0.1 → 0.0 МБ
2026-09-04T18:31:21.399Z    ✓ ruti-chervonoyi-cvit  0.1 → 0.0 МБ
2026-09-04T18:31:21.430Z    ✓ cya-bila-vihola-zima  0.1 → 0.0 МБ
2026-09-04T18:31:21.550Z    ✓ spam  0.0 → 0.0 МБ
2026-09-04T18:31:21.602Z    ✓ pekla-mati-karpati  0.1 → 0.1 МБ
2026-09-04T18:31:22.415Z    ✓ porazka-chingishana  0.1 → 0.0 МБ
2026-09-04T18:31:22.438Z    ✓ vibitisya-v-lyudi-chi-zalishitisya-lyudinoyu  0.0 → 0.0 МБ
2026-09-04T18:31:22.461Z    ✓ tri-sestri  0.1 → 0.1 МБ
2026-09-04T18:31:22.462Z    ✓ ne-jdi-za-mnoyu  0.1 → 0.0 МБ
2026-09-04T18:31:22.545Z    ✓ zgraya-nesvyatogo-yuri  0.1 → 0.0 МБ
2026-09-04T18:31:23.373Z    ✓ sila-polinu  0.1 → 0.0 МБ
2026-09-04T18:31:23.585Z    ✓ kvartira-13  0.1 → 0.0 МБ
2026-09-04T18:31:23.652Z    ✓ vigrash  0.1 → 0.0 МБ
2026-09-04T18:31:23.722Z    ✓ ne-plach-lero  0.1 → 0.1 МБ
2026-09-04T18:31:24.330Z    ✓ slidchij  0.1 → 0.0 МБ
2026-09-04T18:31:25.103Z    ✓ kava-vid-snizhani  0.0 → 0.0 МБ
2026-09-04T18:31:25.128Z    ✓ kilimok-vid-svekruhi  0.1 → 0.0 МБ
2026-09-04T18:31:25.129Z    ✓ mozhlivo-vse  0.0 → 0.0 МБ
2026-09-04T18:31:25.205Z    ✓ grihi-molodosti212  0.1 → 0.0 МБ
2026-09-04T18:31:25.285Z    ✓ budulaj-zminiv-plan  0.1 → 0.1 МБ
2026-09-04T18:31:25.286Z  --- оброблено 250 з 1000 ---
2026-09-04T18:31:26.037Z    ✓ gra-v-zhittya  0.0 → 0.0 МБ
2026-09-04T18:31:26.073Z    ✓ prividi-minulogo  0.0 → 0.0 МБ
2026-09-04T18:31:26.084Z    ✓ balast  0.0 → 0.0 МБ
2026-09-04T18:31:26.146Z    ✓ najkrashi-druzi222  0.1 → 0.0 МБ
2026-09-04T18:31:26.188Z    ✓ na-pershomu-misci  0.1 → 0.0 МБ
2026-09-04T18:31:26.969Z    ✓ koli-vzyav-iz-prichepom  0.0 → 0.0 МБ
2026-09-04T18:31:27.014Z    ✓ i-v-comu-sil523  0.1 → 0.0 МБ
2026-09-04T18:31:27.030Z    ✓ lozhka-medu-v-bochci-dogtyu  0.0 → 0.0 МБ
2026-09-04T18:31:27.082Z    ✓ pishu-tobi-moya-lyubove  0.0 → 0.0 МБ
2026-09-04T18:31:27.105Z    ✓ i-spogadi-vpleteni-u-vinok  0.1 → 0.1 МБ
2026-09-04T18:31:27.942Z    ✓ ti-znayesh-yak-cvite-rozmaj  0.1 → 0.0 МБ
2026-09-04T18:31:27.959Z    ✓ dvi-marti  0.0 → 0.0 МБ
2026-09-04T18:31:27.981Z    ✓ poetichna-natura  0.1 → 0.0 МБ
2026-09-04T18:31:28.007Z    ✓ girkij-polin  0.0 → 0.0 МБ
2026-09-04T18:31:28.029Z    ✓ pidkoryuvach-vershin  0.1 → 0.0 МБ
2026-09-04T18:31:28.861Z    ✓ spravzhnya-rodina  0.1 → 0.0 МБ
2026-09-04T18:31:28.896Z    ✓ taka-yiyi-dolya2  0.1 → 0.0 МБ
2026-09-04T18:31:28.898Z    ✓ zgubna-krasa  0.1 → 0.0 МБ
2026-09-04T18:31:28.956Z    ✓ tri-zhittya  0.1 → 0.1 МБ
2026-09-04T18:31:28.987Z    ✓ jogo-krasunechki  0.1 → 0.1 МБ
2026-09-04T18:31:29.800Z    ✓ hlib-iz-shavliyeyu  0.0 → 0.0 МБ
2026-09-04T18:31:29.850Z    ✓ dachnij-roman  0.1 → 0.0 МБ
2026-09-04T18:31:29.885Z    ✓ rizdvyane-divo  0.1 → 0.1 МБ
2026-09-04T18:31:29.945Z    ✓ zablukani-dushi  0.1 → 0.0 МБ
2026-09-04T18:31:29.970Z    ✓ panna-osin  0.1 → 0.1 МБ
2026-09-04T18:31:30.760Z    ✓ nove-kolo-zhittya  0.0 → 0.0 МБ
2026-09-04T18:31:30.761Z    ✓ starsha-sestra  0.1 → 0.0 МБ
2026-09-04T18:31:30.786Z    ✓ na-shastya-na-zdorov-ya  0.1 → 0.0 МБ
2026-09-04T18:31:30.799Z    ✓ usomu-svij-chas  0.1 → 0.0 МБ
2026-09-04T18:31:30.873Z    ✓ znaki-nespokoyu  0.1 → 0.0 МБ
2026-09-04T18:31:31.696Z    ✓ tri-parubki-na-porig  0.1 → 0.0 МБ
2026-09-04T18:31:31.717Z    ✓ foto-na-berezi-morya  0.0 → 0.0 МБ
2026-09-04T18:31:31.723Z    ✓ dzyavkotliva-bomba  0.1 → 0.0 МБ
2026-09-04T18:31:31.739Z    ✓ angelik-u-kalyuzhi  0.1 → 0.0 МБ
2026-09-04T18:31:31.779Z    ✓ spadkovist  0.0 → 0.0 МБ
2026-09-04T18:31:32.615Z    ✓ prodana-molodist  0.0 → 0.0 МБ
2026-09-04T18:31:32.626Z    ✓ sim-ziznan-u-lyubovi  0.1 → 0.0 МБ
2026-09-04T18:31:32.655Z    ✓ za-rizdvyanim-stolom  0.1 → 0.0 МБ
2026-09-04T18:31:32.674Z    ✓ kalinova-pisnya  0.1 → 0.1 МБ
2026-09-04T18:31:32.693Z    ✓ zhittya-uvi-sni-ta-nayavu  0.1 → 0.0 МБ
2026-09-04T18:31:33.452Z    ✓ napitisya-golosu  0.0 → 0.0 МБ
2026-09-04T18:31:33.503Z    ✓ ne-svataj-u-susidiv-divku  0.1 → 0.0 МБ
2026-09-04T18:31:33.543Z    ✓ tretij-zajvij  0.1 → 0.0 МБ
2026-09-04T18:31:33.547Z    ✓ spontanne-rishennya  0.1 → 0.0 МБ
2026-09-04T18:31:33.579Z    ✓ shira-dusha222  0.1 → 0.1 МБ
2026-09-04T18:31:34.382Z    ✓ chas-koli-zijdutsya-zori-ta-zdijsnyatsya-diva  0.1 → 0.0 МБ
2026-09-04T18:31:34.440Z    ✓ yeva-mendes-rozpovyla-pro-vyhovannia-ditey-bez-smartfoniv  0.1 → 0.0 МБ
2026-09-04T18:31:34.446Z    ✓ tepli-vogniki  0.0 → 0.0 МБ
2026-09-04T18:31:34.453Z    ✓ ne-para  0.1 → 0.0 МБ
2026-09-04T18:31:34.582Z    ✓ dyakuyu-za-sina  0.1 → 0.1 МБ
2026-09-04T18:31:34.583Z  --- оброблено 300 з 1000 ---
2026-09-04T18:31:35.376Z    ✓ mishenya-v-domi-to-na-shastya  0.1 → 0.0 МБ
2026-09-04T18:31:35.448Z    ✓ hazarka  0.1 → 0.0 МБ
2026-09-04T18:31:35.463Z    ✓ narechena-dlya-brata  0.1 → 0.0 МБ
2026-09-04T18:31:35.494Z    ✓ na-kavu-z-mikolayem  0.1 → 0.0 МБ
2026-09-04T18:31:35.536Z    ✓ zustrich-u-parku  0.1 → 0.1 МБ
2026-09-04T18:31:36.367Z    ✓ neprosti-rishennya  0.1 → 0.0 МБ
2026-09-04T18:31:36.380Z    ✓ nepotribnij-spadok  0.1 → 0.1 МБ
2026-09-04T18:31:36.421Z    ✓ tin-navproti-soncya  0.0 → 0.0 МБ
2026-09-04T18:31:36.423Z    ✓ nina-v-teplij-hustini  0.1 → 0.0 МБ
2026-09-04T18:31:36.600Z    ✓ nevishita-vishivanka  0.2 → 0.1 МБ
2026-09-04T18:31:37.411Z    ✓ persha-ta-yedina-sproba  0.1 → 0.0 МБ
2026-09-04T18:31:37.424Z    ✓ yak-usi  0.0 → 0.0 МБ
2026-09-04T18:31:37.440Z    ✓ avraamovi-diti  0.1 → 0.0 МБ
2026-09-04T18:31:37.488Z    ✓ iz-poglyadu-listya  0.1 → 0.0 МБ
2026-09-04T18:31:37.500Z    ✓ revnoshi-j-dovira  0.1 → 0.0 МБ
2026-09-04T18:31:38.344Z    ✓ nasnis-meni-zhivoyu  0.1 → 0.0 МБ
2026-09-04T18:31:38.367Z    ✓ bezputna-mati  0.0 → 0.0 МБ
2026-09-04T18:31:38.373Z    ✓ dolya333  0.1 → 0.0 МБ
2026-09-04T18:31:38.419Z    ✓ kava-z-prismakom-kohannya  0.1 → 0.0 МБ
2026-09-04T18:31:38.496Z    ✓ omriyana-polovinka  0.1 → 0.1 МБ
2026-09-04T18:31:39.341Z    ✓ ponivecheni-doli  0.1 → 0.0 МБ
2026-09-04T18:31:39.352Z    ✓ podarunok-iz-togo-svitu  0.1 → 0.0 МБ
2026-09-04T18:31:39.356Z    ✓ dvadcyat-dev-yate-lyutogo  0.1 → 0.0 МБ
2026-09-04T18:31:39.385Z    ✓ kohannya-za-zgodoyu  0.1 → 0.1 МБ
2026-09-04T18:31:39.431Z    ✓ probach-jomu-sergiyu  0.0 → 0.0 МБ
2026-09-04T18:31:40.266Z    ✓ tayemnij-list  0.1 → 0.0 МБ
2026-09-04T18:31:40.272Z    ✓ koli-gasne-svitlo  0.1 → 0.0 МБ
2026-09-04T18:31:40.306Z    ✓ molis-i-lyubi  0.0 → 0.0 МБ
2026-09-04T18:31:40.316Z    ✓ yakbi-malvi-vmili-rozmovlyati  0.1 → 0.1 МБ
2026-09-04T18:31:40.514Z    ✓ shastya-v-druzki  0.1 → 0.0 МБ
2026-09-04T18:31:41.280Z    ✓ dva-koti-v-mishku  0.0 → 0.0 МБ
2026-09-04T18:31:41.304Z    ✓ proklyata  0.1 → 0.0 МБ
2026-09-04T18:31:41.309Z    ✓ bolyache-cherez-minule  0.0 → 0.0 МБ
2026-09-04T18:31:41.351Z    ✓ yeva-spodivayetsya  0.1 → 0.0 МБ
2026-09-04T18:31:41.389Z    ✓ rudenka-bilochka  0.1 → 0.1 МБ
2026-09-04T18:31:42.193Z    ✓ kuripka  0.0 → 0.0 МБ
2026-09-04T18:31:42.219Z    ✓ chi-zacvitut-pivoniyi-navesni  0.1 → 0.0 МБ
2026-09-04T18:31:42.238Z    ✓ lyubov-to-ne-tilki-slova  0.0 → 0.0 МБ
2026-09-04T18:31:42.250Z    ✓ oj-ti-kote-kotochku  0.1 → 0.0 МБ
2026-09-04T18:31:42.428Z    ✓ svatannya  0.1 → 0.1 МБ
2026-09-04T18:31:43.274Z    ✓ bazhannya-zagadaj  0.1 → 0.0 МБ
2026-09-04T18:31:43.297Z    ✓ za-stinoyu  0.1 → 0.0 МБ
2026-09-04T18:31:43.307Z    ✓ viriti-v-novorichni-diva  0.1 → 0.1 МБ
2026-09-04T18:31:43.347Z    ✓ list-vid-sina  0.1 → 0.0 МБ
2026-09-04T18:31:43.432Z    ✓ lyupin-na-uzbichchi698  0.1 → 0.1 МБ
2026-09-04T18:31:44.254Z    ✓ golovnogo-ochima-ne-pobachish  0.1 → 0.0 МБ
2026-09-04T18:31:44.280Z    ✓ mihajlina  0.1 → 0.1 МБ
2026-09-04T18:31:44.282Z    ✓ skilki-togo-viku  0.1 → 0.0 МБ
2026-09-04T18:31:44.334Z    ✓ ditina-vijni  0.1 → 0.0 МБ
2026-09-04T18:31:44.336Z    ✓ mrija  0.1 → 0.0 МБ
2026-09-04T18:31:44.337Z  --- оброблено 350 з 1000 ---
2026-09-04T18:31:45.191Z    ✓ buket-hrizantem  0.1 → 0.0 МБ
2026-09-04T18:31:45.207Z    ✓ ban-iz-minulogo  0.1 → 0.0 МБ
2026-09-04T18:31:45.211Z    ✓ ye-v-mene-donechka  0.0 → 0.0 МБ
2026-09-04T18:31:45.325Z    ✓ cina-sinivskoyi-obrazi  0.1 → 0.1 МБ
2026-09-04T18:31:45.500Z    ✓ dyakuyu-brate  0.1 → 0.0 МБ
2026-09-04T18:31:46.249Z    ✓ hustka  0.0 → 0.0 МБ
2026-09-04T18:31:46.286Z    ✓ ya-prosila-jogo-ne-yid  0.1 → 0.0 МБ
2026-09-04T18:31:46.316Z    ✓ mamina-podryapinka  0.1 → 0.0 МБ
2026-09-04T18:31:46.342Z    ✓ melodiya-lya-minor  0.1 → 0.0 МБ
2026-09-04T18:31:46.564Z    ✓ materinska-laska  0.1 → 0.0 МБ
2026-09-04T18:31:47.365Z    ✓ nepotribna-ch-2213  0.1 → 0.0 МБ
2026-09-04T18:31:47.376Z    ✓ troyanda-chi-budyak  0.1 → 0.0 МБ
2026-09-04T18:31:47.422Z    ✓ ce-yakijs-tresh  0.0 → 0.0 МБ
2026-09-04T18:31:47.438Z    ✓ svekrushina-porada  0.1 → 0.1 МБ
2026-09-04T18:31:47.486Z    ✓ big-iz-pereshkodami  0.1 → 0.1 МБ
2026-09-04T18:31:48.310Z    ✓ rizdvo-maksima  0.1 → 0.0 МБ
2026-09-04T18:31:48.329Z    ✓ glinyanij-kuhlik333  0.1 → 0.0 МБ
2026-09-04T18:31:48.335Z    ✓ slavni-imenini  0.1 → 0.0 МБ
2026-09-04T18:31:48.448Z    ✓ bratova-vdyachnist  0.1 → 0.0 МБ
2026-09-04T18:31:48.457Z    ✓ roksolanina-tayemnicya  0.1 → 0.1 МБ
2026-09-04T18:31:49.205Z    ✓ bila-troyanda  0.0 → 0.0 МБ
2026-09-04T18:31:49.242Z    ✓ ye-pro-kogo-dbati  0.1 → 0.0 МБ
2026-09-04T18:31:49.275Z    ✓ bila-panna  0.1 → 0.1 МБ
2026-09-04T18:31:49.404Z    ✓ yihali-kozaki  0.1 → 0.1 МБ
2026-09-04T18:31:49.409Z    ✓ kostyantin-aleksandrijskij  0.1 → 0.0 МБ
2026-09-04T18:31:50.196Z    ✓ gnizdechko-v-buzini  0.0 → 0.0 МБ
2026-09-04T18:31:50.205Z    ✓ grihi-vilni-j-nevilni  0.1 → 0.0 МБ
2026-09-04T18:31:50.241Z    ✓ ya-tebe-znajshov  0.1 → 0.0 МБ
2026-09-04T18:31:50.254Z    ✓ shasliva-naperekir-batkam953  0.1 → 0.0 МБ
2026-09-04T18:31:50.288Z    ✓ zalishsya  0.1 → 0.0 МБ
2026-09-04T18:31:51.069Z    ✓ vovchik  0.1 → 0.0 МБ
2026-09-04T18:31:51.086Z    ✓ na-chatah-bilya-vikna  0.0 → 0.0 МБ
2026-09-04T18:31:51.161Z    ✓ yaka-sim-ya-takij-i-ya  0.1 → 0.1 МБ
2026-09-04T18:31:51.237Z    ✓ tayemnicya-moyeyi-mami  0.1 → 0.1 МБ
2026-09-04T18:31:51.562Z    ✓ listi-vid-batka-abo-podorozh-u-minule  0.1 → 0.0 МБ
2026-09-04T18:31:52.413Z    ✓ mozhna-ya-prihoditimu  0.1 → 0.1 МБ
2026-09-04T18:31:52.415Z    ✓ slipe-kohannya892  0.1 → 0.0 МБ
2026-09-04T18:31:52.433Z    ✓ listi-dodomu  0.1 → 0.0 МБ
2026-09-04T18:31:52.434Z    ✓ kokosha  0.0 → 0.0 МБ
2026-09-04T18:31:52.503Z    ✓ rozkidani-krolenyata  0.1 → 0.1 МБ
2026-09-04T18:31:53.314Z    ✓ litati-potribno-tiho  0.0 → 0.0 МБ
2026-09-04T18:31:53.321Z    ✓ taka-bula-jogo-ostannya-volya-ale  0.1 → 0.0 МБ
2026-09-04T18:31:53.338Z    ✓ divo-na-rizdvo  0.1 → 0.1 МБ
2026-09-04T18:31:53.441Z    ✓ obminyalisya  0.1 → 0.1 МБ
2026-09-04T18:31:53.608Z    ✓ dyushes-murashes  0.1 → 0.0 МБ
2026-09-04T18:31:54.443Z    ✓ balada-pro-son  0.1 → 0.0 МБ
2026-09-04T18:31:54.452Z    ✓ ya-bachu  0.1 → 0.0 МБ
2026-09-04T18:31:54.463Z    ✓ chornij-den-z-biloyu-oznakoyu  0.1 → 0.0 МБ
2026-09-04T18:31:54.488Z    ✓ z-lyubov-yu-babcya-teklya  0.1 → 0.0 МБ
2026-09-04T18:31:54.940Z    ✓ 4-5-0-use-spokijno  0.1 → 0.0 МБ
2026-09-04T18:31:54.942Z  --- оброблено 400 з 1000 ---
2026-09-04T18:31:55.757Z    ✓ yasnooka-vartist  0.1 → 0.0 МБ
2026-09-04T18:31:55.787Z    ✓ nekriminalne-chtivo  0.1 → 0.0 МБ
2026-09-04T18:31:55.832Z    ✓ vinok-doli  0.1 → 0.0 МБ
2026-09-04T18:31:55.857Z    ✓ bethoven-sonata-5  0.1 → 0.1 МБ
2026-09-04T18:31:55.909Z    ✓ lyubov-bez-kordoniv  0.1 → 0.1 МБ
2026-09-04T18:31:56.801Z    ✓ list-do-mami-i-tata252  0.0 → 0.0 МБ
2026-09-04T18:31:56.868Z    ✓ vtikachi  0.1 → 0.0 МБ
2026-09-04T18:31:57.085Z    ✓ tatu-ne-rubaj-verbi  0.1 → 0.0 МБ
2026-09-04T18:31:57.110Z    ✓ olegova-mama  0.1 → 0.0 МБ
2026-09-04T18:31:58.320Z    ✓ travneva-istoriya-divochih-mrij  1.2 → 0.1 МБ
2026-09-04T18:31:59.167Z    ✓ shaslivij-bilet  0.1 → 0.0 МБ
2026-09-04T18:31:59.385Z    ✓ koshenya  0.1 → 0.0 МБ
2026-09-04T18:31:59.448Z    ✓ hazyajka  0.0 → 0.0 МБ
2026-09-04T18:31:59.595Z    ✓ chetvero-ditej  1.0 → 0.0 МБ
2026-09-04T18:31:59.598Z    ✓ rozbiti-sercya789  0.1 → 0.1 МБ
2026-09-04T18:32:00.368Z    ✓ popelyushka-po-kiyivski  0.1 → 0.0 МБ
2026-09-04T18:32:00.379Z    ✓ mariya-zapitannya-do-sebe  0.0 → 0.0 МБ
2026-09-04T18:32:00.461Z    ✓ oj-bratiku-sokoliku  0.1 → 0.0 МБ
2026-09-04T18:32:00.466Z    ✓ namalyujte-mogo-tatka  0.1 → 0.0 МБ
2026-09-04T18:32:00.558Z    ✓ simpatyulya  0.1 → 0.0 МБ
2026-09-04T18:32:01.417Z    ✓ mavka  0.1 → 0.0 МБ
2026-09-04T18:32:01.420Z    ✓ ne-povernutisya-v-lito  0.1 → 0.1 МБ
2026-09-04T18:32:01.425Z    ✓ abi-razom  0.1 → 0.0 МБ
2026-09-04T18:32:01.440Z    ✓ stelisya-barvinku  0.1 → 0.0 МБ
2026-09-04T18:32:01.482Z    ✓ ne-vitrimav  0.1 → 0.0 МБ
2026-09-04T18:32:02.229Z    ✓ dmitrikova-domashnya-tvarinka  0.0 → 0.0 МБ
2026-09-04T18:32:02.264Z    ✓ vitaminka-dlya-shastya  0.0 → 0.0 МБ
2026-09-04T18:32:02.277Z    ✓ povernennya-afroditi  0.1 → 0.0 МБ
2026-09-04T18:32:02.307Z    ✓ prioriteti  0.1 → 0.0 МБ
2026-09-04T18:32:02.365Z    ✓ na-lovi  0.1 → 0.0 МБ
2026-09-04T18:32:03.230Z    ✓ kohannya-ne-plyamuyut-druzhboyu  0.1 → 0.0 МБ
2026-09-04T18:32:03.237Z    ✓ malenka-vidmochka  0.1 → 0.0 МБ
2026-09-04T18:32:03.251Z    ✓ yurko-van-dam  0.0 → 0.0 МБ
2026-09-04T18:32:03.257Z    ✓ prinis-u-podoli  0.0 → 0.0 МБ
2026-09-04T18:32:04.156Z    ✓ yalinka-dlya-marichki  0.1 → 0.0 МБ
2026-09-04T18:32:04.962Z    ✓ vasilko  0.1 → 0.0 МБ
2026-09-04T18:32:04.979Z    ✓ dosh-liv-yak-z-vidra  0.1 → 0.0 МБ
2026-09-04T18:32:05.106Z    ✓ na-cvintari  0.1 → 0.1 МБ
2026-09-04T18:32:05.124Z    ✓ karpatski-diva  0.1 → 0.1 МБ
2026-09-04T18:32:05.169Z    ✓ brehni-bilshe-ne-probachu  0.1 → 0.1 МБ
2026-09-04T18:32:06.007Z    ✓ mriya-ditini-na-chuzhini  0.1 → 0.0 МБ
2026-09-04T18:32:06.052Z    ✓ zhaliye-znachit-lyubit  0.1 → 0.0 МБ
2026-09-04T18:32:06.059Z    ✓ pid-kupolom-bilogo-pilu  0.1 → 0.1 МБ
2026-09-04T18:32:06.087Z    ✓ sviatyi-mykolai  0.1 → 0.0 МБ
2026-09-04T18:32:06.101Z    ✓ silikonovi-dushi  0.1 → 0.1 МБ
2026-09-04T18:32:06.857Z    ✓ istoriya-mogo-uspihu  0.0 → 0.0 МБ
2026-09-04T18:32:06.913Z    ✓ spokutuyu-mamo  0.0 → 0.0 МБ
2026-09-04T18:32:06.952Z    ✓ zapovit-staroyi-yareschihi  0.1 → 0.0 МБ
2026-09-04T18:32:06.956Z    ✓ krashe-pizno-nizh-nikoli  0.1 → 0.1 МБ
2026-09-04T18:32:06.973Z    ✓ shukayemo-lyubov-yak-zoloto-v-rici  0.1 → 0.0 МБ
2026-09-04T18:32:06.974Z  --- оброблено 450 з 1000 ---
2026-09-04T18:32:07.859Z    ✓ vidma-z-okrayini  0.1 → 0.0 МБ
2026-09-04T18:32:07.960Z    ✓ chuzhij-ridnij-sin  0.1 → 0.0 МБ
2026-09-04T18:32:08.009Z    ✓ perestupiti-cherez-minule  0.1 → 0.0 МБ
2026-09-04T18:32:08.078Z    ✓ kozhnomu-po-zasluzi  0.1 → 0.0 МБ
2026-09-04T18:32:08.291Z    ✓ skripka-graye-plache-girko  0.1 → 0.0 МБ
2026-09-04T18:32:09.049Z    ✓ rik-kardinalnih-zmin  0.0 → 0.0 МБ
2026-09-04T18:32:09.077Z    ✓ perspektivna-robota  0.0 → 0.0 МБ
2026-09-04T18:32:09.116Z    ✓ zvuki-v-tishi  0.1 → 0.0 МБ
2026-09-04T18:32:09.213Z    ✓ troyanda-lyubovi  0.1 → 0.1 МБ
2026-09-04T18:32:09.226Z    ✓ te-sho-ne-zabuvayetsya  0.2 → 0.1 МБ
2026-09-04T18:32:10.008Z    ✓ doroga-do-sebe  0.0 → 0.0 МБ
2026-09-04T18:32:10.033Z    ✓ sin-najkrashoyi-podrugi  0.1 → 0.0 МБ
2026-09-04T18:32:10.044Z    ✓ ne-chekali  0.1 → 0.0 МБ
2026-09-04T18:32:10.052Z    ✓ movchun  0.0 → 0.0 МБ
2026-09-04T18:32:10.088Z    ✓ cinuj-kozhnu-mit-zhittya  0.1 → 0.0 МБ
2026-09-04T18:32:10.855Z    ✓ ya-zhivij  0.0 → 0.0 МБ
2026-09-04T18:32:10.865Z    ✓ rozkazhu-tobi-sho-bulo-potim  0.0 → 0.0 МБ
2026-09-04T18:32:10.932Z    ✓ tobi-mij-sinu  0.0 → 0.0 МБ
2026-09-04T18:32:10.965Z    ✓ mij-zolotij-didus  0.1 → 0.1 МБ
2026-09-04T18:32:11.017Z    ✓ svitlij-angel-nebesnogo-vijska  0.1 → 0.0 МБ
2026-09-04T18:32:11.786Z    ✓ na-kozhnogo-u-boga-svoyi-plani  0.0 → 0.0 МБ
2026-09-04T18:32:11.812Z    ✓ shaslivij-kamin  0.0 → 0.0 МБ
2026-09-04T18:32:11.815Z    ✓ zcileni-sercya  0.1 → 0.0 МБ
2026-09-04T18:32:11.850Z    ✓ sonechko  0.1 → 0.0 МБ
2026-09-04T18:32:13.302Z    ✓ sho-ce-bulo  1.2 → 0.1 МБ
2026-09-04T18:32:14.118Z    ✓ vihovnij-eksperiment  0.1 → 0.0 МБ
2026-09-04T18:32:14.138Z    ✓ pravilnij-vibir  0.1 → 0.0 МБ
2026-09-04T18:32:14.166Z    ✓ u-chistu-vodu  0.1 → 0.0 МБ
2026-09-04T18:32:14.174Z    ✓ nedosyazhnij-bereg843  0.1 → 0.0 МБ
2026-09-04T18:32:14.309Z    ✓ navchi-mene-buti-shaslivoyu  0.1 → 0.1 МБ
2026-09-04T18:32:15.109Z    ✓ lviv-doneck-lviv  0.1 → 0.0 МБ
2026-09-04T18:32:15.118Z    ✓ podilske-makondo  0.1 → 0.0 МБ
2026-09-04T18:32:15.142Z    ✓ kudi-znikli-dveri  0.1 → 0.0 МБ
2026-09-04T18:32:15.286Z    ✓ pivoniyi-z-dalekih-dniv  0.1 → 0.0 МБ
2026-09-04T18:32:15.297Z    ✓ lavandove-pole  0.1 → 0.1 МБ
2026-09-04T18:32:16.102Z    ✓ hom-yak-u-domi  0.1 → 0.0 МБ
2026-09-04T18:32:16.156Z    ✓ povernennya  0.0 → 0.0 МБ
2026-09-04T18:32:16.160Z    ✓ himerni-kviti-i-providna-zirka  0.1 → 0.0 МБ
2026-09-04T18:32:16.264Z    ✓ vinok-doli897  0.1 → 0.0 МБ
2026-09-04T18:32:16.286Z    ✓ zapasnij-zyat  0.1 → 0.1 МБ
2026-09-04T18:32:17.114Z    ✓ pidstupne-movchannya  0.0 → 0.0 МБ
2026-09-04T18:32:17.169Z    ✓ tayemne-zhittya-zrazkovogo-sim-yanina  0.1 → 0.1 МБ
2026-09-04T18:32:17.172Z    ✓ a-do-berega-tiho-hvili-nesut-poraneni-dushi-zhivih-korabliv  0.1 → 0.1 МБ
2026-09-04T18:32:17.209Z    ✓ obidi-dlya-tata  0.1 → 0.0 МБ
2026-09-04T18:32:17.310Z    ✓ oj-hodit-son  0.1 → 0.0 МБ
2026-09-04T18:32:18.123Z    ✓ na-mit-zdalos-to-dolya-usmihnulas  0.1 → 0.0 МБ
2026-09-04T18:32:18.163Z    ✓ vesilna-obruchka-pidkazala-dolyu  0.0 → 0.0 МБ
2026-09-04T18:32:18.209Z    ✓ matusin-sinochok  0.1 → 0.0 МБ
2026-09-04T18:32:18.292Z    ✓ poklik-krovi  0.1 → 0.1 МБ
2026-09-04T18:32:18.297Z    ✓ zapiznile-shastya  0.1 → 0.0 МБ
2026-09-04T18:32:18.298Z  --- оброблено 500 з 1000 ---
2026-09-04T18:32:19.107Z    ✓ molodichka-bile-lichko  0.1 → 0.1 МБ
2026-09-04T18:32:19.127Z    ✓ tatuseva-donechka  0.1 → 0.0 МБ
2026-09-04T18:32:19.134Z    ✓ zhittya-prekrasne  0.1 → 0.0 МБ
2026-09-04T18:32:19.173Z    ✓ majzhe-za-shekspirom  0.1 → 0.0 МБ
2026-09-04T18:32:19.242Z    ✓ yabluko-dlya-yangola-v-teplomu-shaliku  0.1 → 0.0 МБ
2026-09-04T18:32:20.025Z    ✓ velikden-abo-pochuta-molitva  0.0 → 0.0 МБ
2026-09-04T18:32:20.045Z    ✓ temnij-bik-geroya  0.0 → 0.0 МБ
2026-09-04T18:32:20.052Z    ✓ nachitavsya  0.1 → 0.0 МБ
2026-09-04T18:32:20.101Z    ✓ revolyuciya  0.1 → 0.0 МБ
2026-09-04T18:32:20.341Z    ✓ nevdalij-priklad  0.1 → 0.0 МБ
2026-09-04T18:32:21.169Z    ✓ dvohsota  0.1 → 0.0 МБ
2026-09-04T18:32:21.190Z    ✓ mriya-mariyi  0.1 → 0.0 МБ
2026-09-04T18:32:21.202Z    ✓ ya-vas-ne-znayu  0.0 → 0.0 МБ
2026-09-04T18:32:21.268Z    ✓ baba-travnicya  0.1 → 0.1 МБ
2026-09-04T18:32:21.282Z    ✓ dolenosna-tatova-porada  0.1 → 0.1 МБ
2026-09-04T18:32:22.141Z    ✓ samotnij-lihtarik  0.1 → 0.0 МБ
2026-09-04T18:32:22.142Z    ✓ duh-rizdva  0.1 → 0.0 МБ
2026-09-04T18:32:22.202Z    ✓ ne-bijsya-zironko-kohati  0.0 → 0.0 МБ
2026-09-04T18:32:22.330Z    ✓ bili-pivoniyi  0.1 → 0.1 МБ
2026-09-04T18:32:22.469Z    ✓ dvolikij-yanus-na-roboti-j-udoma  1.0 → 0.0 МБ
2026-09-04T18:32:23.300Z    ✓ chekannya  0.1 → 0.0 МБ
2026-09-04T18:32:23.349Z    ✓ prokip  0.1 → 0.0 МБ
2026-09-04T18:32:23.356Z    ✓ nezlamni-ch-2  0.1 → 0.0 МБ
2026-09-04T18:32:23.376Z    ✓ yablunevij-sad  0.1 → 0.1 МБ
2026-09-04T18:32:23.624Z    ✓ chas-rikoyu-plive  0.0 → 0.0 МБ
2026-09-04T18:32:24.475Z    ✓ pivoniyi  0.1 → 0.0 МБ
2026-09-04T18:32:24.484Z    ✓ osin-ulyublenicya  0.1 → 0.0 МБ
2026-09-04T18:32:24.485Z    ✓ vareniki-z-vishnyami  0.1 → 0.0 МБ
2026-09-04T18:32:24.491Z    ✓ i-znov-nasnilisya-tumani  0.1 → 0.0 МБ
2026-09-04T18:32:24.604Z    ✓ shasliva-naperekir-batkam  0.1 → 0.0 МБ
2026-09-04T18:32:25.432Z    ✓ tepli-istoriyi-pana-kota  0.1 → 0.1 МБ
2026-09-04T18:32:25.467Z    ✓ hto-spravdi-vinen  0.1 → 0.0 МБ
2026-09-04T18:32:25.475Z    ✓ tri-partneri-dlya-salsi  0.1 → 0.0 МБ
2026-09-04T18:32:25.511Z    ✓ simejna-tayemnicya  0.0 → 0.0 МБ
2026-09-04T18:32:25.594Z    ✓ pravila-bez-pravil  0.1 → 0.0 МБ
2026-09-04T18:32:26.433Z    ✓ zhittya-ne-maye-cini  0.0 → 0.0 МБ
2026-09-04T18:32:26.457Z    ✓ skilki-koshtuye-miloserdya  0.1 → 0.0 МБ
2026-09-04T18:32:26.494Z    ✓ darina  0.0 → 0.0 МБ
2026-09-04T18:32:26.508Z    ✓ zimova-kazka  0.0 → 0.0 МБ
2026-09-04T18:32:26.575Z    ✓ cheka  0.1 → 0.1 МБ
2026-09-04T18:32:27.309Z    ✓ poputnicya-zasnula-na-plechi  0.0 → 0.0 МБ
2026-09-04T18:32:27.322Z    ✓ berezoviy-gay  0.0 → 0.0 МБ
2026-09-04T18:32:27.379Z    ✓ chuzhij-perstenik  0.1 → 0.0 МБ
2026-09-04T18:32:27.409Z    ✓ virus-shaslivoyi-lyudini  0.1 → 0.0 МБ
2026-09-04T18:32:27.412Z    ✓ pro-chornogo-kota-i-ne-tilki  0.1 → 0.0 МБ
2026-09-04T18:32:28.237Z    ✓ mizh-mamoyu-i-cholovikom  0.1 → 0.0 МБ
2026-09-04T18:32:28.260Z    ✓ chuzha-ditina  0.0 → 0.0 МБ
2026-09-04T18:32:28.363Z    ✓ listivka-z-madejri  0.1 → 0.0 МБ
2026-09-04T18:32:28.564Z    ✓ mamina-dochka  0.1 → 0.1 МБ
2026-09-04T18:32:28.621Z    ✓ sobi-chi-lyudyam  0.1 → 0.1 МБ
2026-09-04T18:32:28.622Z  --- оброблено 550 з 1000 ---
2026-09-04T18:32:29.422Z    ✓ probachennya  0.1 → 0.0 МБ
2026-09-04T18:32:29.442Z    ✓ materinskij-grih  0.1 → 0.0 МБ
2026-09-04T18:32:29.478Z    ✓ sho-take-shastya  0.0 → 0.0 МБ
2026-09-04T18:32:29.479Z    ✓ vona-solodka-a-ti-nudna  0.1 → 0.0 МБ
2026-09-04T18:32:29.512Z    ✓ pobachennya  0.1 → 0.0 МБ
2026-09-04T18:32:30.245Z    ✓ konkursi-istorij  0.0 → 0.0 МБ
2026-09-04T18:32:30.303Z    ✓ tayemnicya-anni  0.0 → 0.0 МБ
2026-09-04T18:32:30.305Z    ✓ trijnya368  0.1 → 0.0 МБ
2026-09-04T18:32:30.334Z    ✓ z-dalekogo-krayu-leleki-letili  0.1 → 0.0 МБ
2026-09-04T18:32:30.413Z    ✓ yeva2553  0.1 → 0.0 МБ
2026-09-04T18:32:31.154Z    ✓ aktorka  0.0 → 0.0 МБ
2026-09-04T18:32:31.186Z    ✓ nevinchana  0.0 → 0.0 МБ
2026-09-04T18:32:31.205Z    ✓ prigoda-pislya-novogo-roku  0.1 → 0.0 МБ
2026-09-04T18:32:31.355Z    ✓ materinska-nauka  0.1 → 0.1 МБ
2026-09-04T18:32:31.433Z    ✓ zviyani-vitrom  0.1 → 0.1 МБ
2026-09-04T18:32:32.263Z    ✓ privit-vid-bendzhamina  0.1 → 0.0 МБ
2026-09-04T18:32:32.282Z    ✓ rozplata  0.1 → 0.0 МБ
2026-09-04T18:32:32.284Z    ✓ kohannya-ne-znaye-slova-zrada  0.0 → 0.0 МБ
2026-09-04T18:32:32.346Z    ✓ troyanda-chi-budyak2  0.1 → 0.0 МБ
2026-09-04T18:32:32.370Z    ✓ spovid-vchitelki  0.1 → 0.0 МБ
2026-09-04T18:32:33.208Z    ✓ ya-ne-obrazhayusya  0.1 → 0.0 МБ
2026-09-04T18:32:33.211Z    ✓ lovec-dush  0.1 → 0.1 МБ
2026-09-04T18:32:33.295Z    ✓ ekspert-z-nezdijsnenih-bazhan  0.1 → 0.1 МБ
2026-09-04T18:32:33.307Z    ✓ zrozumij-povir-dopomozhi  0.1 → 0.0 МБ
2026-09-04T18:32:33.443Z    ✓ shaslivi-kvitki  0.1 → 0.1 МБ
2026-09-04T18:32:34.202Z    ✓ chomu-tak  0.0 → 0.0 МБ
2026-09-04T18:32:34.233Z    ✓ vovki-pravdi-ne-chitayut  0.0 → 0.0 МБ
2026-09-04T18:32:34.243Z    ✓ shodini-do-olimpu  0.1 → 0.0 МБ
2026-09-04T18:32:34.277Z    ✓ ptaha  0.1 → 0.0 МБ
2026-09-04T18:32:34.371Z    ✓ pitayetsya-viter-smerti  0.1 → 0.1 МБ
2026-09-04T18:32:35.153Z    ✓ trijnya  0.1 → 0.0 МБ
2026-09-04T18:32:35.190Z    ✓ vognik-shastya-v-serci  0.1 → 0.0 МБ
2026-09-04T18:32:35.960Z    ✓ sestri  0.1 → 0.1 МБ
2026-09-04T18:32:35.970Z    ✓ test-na-virnist  0.0 → 0.0 МБ
2026-09-04T18:32:35.972Z    ✓ stezhki-stefaniyi  0.1 → 0.1 МБ
2026-09-04T18:32:36.789Z    ✓ koli-duplava-dusha  0.0 → 0.0 МБ
2026-09-04T18:32:36.806Z    ✓ batko  0.0 → 0.0 МБ
2026-09-04T18:32:36.826Z    ✓ tanci-navkolo-bulbi  0.1 → 0.1 МБ
2026-09-04T18:32:36.867Z    ✓ u-poshukah-son-travi222  0.1 → 0.0 МБ
2026-09-04T18:32:36.918Z    ✓ muzichna-pauza  0.1 → 0.0 МБ
2026-09-04T18:32:37.703Z    ✓ minulij-chas-nam-ne-probachit  0.1 → 0.0 МБ
2026-09-04T18:32:37.726Z    ✓ narechena-dlya-brata266526  0.0 → 0.0 МБ
2026-09-04T18:32:37.747Z    ✓ nadiya-na-nove-zhittya  0.1 → 0.0 МБ
2026-09-04T18:32:37.778Z    ✓ muzikant  0.1 → 0.0 МБ
2026-09-04T18:32:37.885Z    ✓ movchazna-progulyanka  0.1 → 0.0 МБ
2026-09-04T18:32:38.721Z    ✓ gra  0.1 → 0.0 МБ
2026-09-04T18:32:38.730Z    ✓ u-kafe  0.1 → 0.0 МБ
2026-09-04T18:32:38.739Z    ✓ koli-kohannya-spravzhnye  0.1 → 0.0 МБ
2026-09-04T18:32:38.842Z    ✓ i-v-comu-sil  0.1 → 0.1 МБ
2026-09-04T18:32:38.877Z    ✓ zrada-yakoyi-ne-stalosya  0.1 → 0.1 МБ
2026-09-04T18:32:38.879Z  --- оброблено 600 з 1000 ---
2026-09-04T18:32:39.677Z    ✓ bezhatkom-zrobili-najridnishi  0.1 → 0.0 МБ
2026-09-04T18:32:39.697Z    ✓ cur-do-troh  0.0 → 0.0 МБ
2026-09-04T18:32:39.707Z    ✓ batkam-yaki-kolis-pomerli  0.0 → 0.0 МБ
2026-09-04T18:32:39.711Z    ✓ diti-ne-vinuvati  0.1 → 0.0 МБ
2026-09-04T18:32:39.726Z    ✓ lishe-odin-krok  0.1 → 0.0 МБ
2026-09-04T18:32:40.537Z    ✓ lunaye-muzika  0.1 → 0.0 МБ
2026-09-04T18:32:40.560Z    ✓ nitka-do-nitki  0.1 → 0.0 МБ
2026-09-04T18:32:40.579Z    ✓ te-chogo-ne-stalosya  0.1 → 0.0 МБ
2026-09-04T18:32:40.590Z    ✓ valentina  0.1 → 0.0 МБ
2026-09-04T18:32:40.656Z    ✓ ne-mozhna  0.1 → 0.0 МБ
2026-09-04T18:32:41.503Z    ✓ vstigla  0.1 → 0.0 МБ
2026-09-04T18:32:41.558Z    ✓ i-prosti-nam-provini-nashi  0.1 → 0.0 МБ
2026-09-04T18:32:41.564Z    ✓ krivenka-kachechka  0.1 → 0.0 МБ
2026-09-04T18:32:41.577Z    ✓ u-neyi-sim-ya  0.1 → 0.0 МБ
2026-09-04T18:32:41.611Z    ✓ derev-yani-vikna  0.1 → 0.0 МБ
2026-09-04T18:32:42.436Z    ✓ chovniki-na-vodi  0.1 → 0.0 МБ
2026-09-04T18:32:42.448Z    ✓ najkrashi-druzi  0.1 → 0.0 МБ
2026-09-04T18:32:42.516Z    ✓ chuzha-i-ridna  0.1 → 0.0 МБ
2026-09-04T18:32:42.518Z    ✓ dosit-iz-mene-dosit  0.1 → 0.1 МБ
2026-09-04T18:32:42.543Z    ✓ vpade-sloza-chista-i-ti-usmihneshsya  0.1 → 0.0 МБ
2026-09-04T18:32:43.361Z    ✓ ovechka  0.1 → 0.0 МБ
2026-09-04T18:32:43.395Z    ✓ vijna  0.1 → 0.0 МБ
2026-09-04T18:32:43.398Z    ✓ hatina-z-togo-boku-vulici  0.1 → 0.0 МБ
2026-09-04T18:32:43.500Z    ✓ oshipok  0.1 → 0.1 МБ
2026-09-04T18:32:43.592Z    ✓ v-gostyah-u-oseni  0.1 → 0.1 МБ
2026-09-04T18:32:44.433Z    ✓ anna-karolina-nazavzhdi  0.1 → 0.0 МБ
2026-09-04T18:32:44.435Z    ✓ shastya-ne-v-rechah  0.1 → 0.0 МБ
2026-09-04T18:32:44.437Z    ✓ koli-tane-lid  0.1 → 0.0 МБ
2026-09-04T18:32:44.502Z    ✓ pobozhni-nevistka-i-svekruha  0.1 → 0.0 МБ
2026-09-04T18:32:44.587Z    ✓ ya-vin-i-lizka  0.1 → 0.1 МБ
2026-09-04T18:32:45.329Z    ✓ istoriya-odnogo-kohannya  0.0 → 0.0 МБ
2026-09-04T18:32:45.377Z    ✓ donka-soncya  0.1 → 0.0 МБ
2026-09-04T18:32:45.382Z    ✓ z-novim-rokom  0.0 → 0.0 МБ
2026-09-04T18:32:45.481Z    ✓ koli-padayut-zori  0.1 → 0.0 МБ
2026-09-04T18:32:45.638Z    ✓ o-p-yatij-ranku  0.2 → 0.2 МБ
2026-09-04T18:32:46.461Z    ✓ zabanuvala  0.1 → 0.0 МБ
2026-09-04T18:32:46.499Z    ✓ skilki-vovka-ne-goduj-a-jogo-do-lisu-tyagne  0.1 → 0.0 МБ
2026-09-04T18:32:46.539Z    ✓ kvest-dlya-zakohanih  0.1 → 0.0 МБ
2026-09-04T18:32:46.543Z    ✓ chuzha-kistka  0.1 → 0.1 МБ
2026-09-04T18:32:46.552Z    ✓ pevno-vi-nikoli-ne-buli-molodi  0.1 → 0.0 МБ
2026-09-04T18:32:47.318Z    ✓ antidepresant  0.1 → 0.0 МБ
2026-09-04T18:32:47.358Z    ✓ mandrivka-v-minule  0.1 → 0.0 МБ
2026-09-04T18:32:47.374Z    ✓ stefkovi-pohoroni  0.1 → 0.0 МБ
2026-09-04T18:32:47.393Z    ✓ tam-de-zhive-shastya  0.1 → 0.1 МБ
2026-09-04T18:32:47.394Z    ✓ vilna-ptashka  0.1 → 0.0 МБ
2026-09-04T18:32:48.170Z    ✓ bijtesya-zdijsnennya-svoyih-bazhan  0.1 → 0.0 МБ
2026-09-04T18:32:48.172Z    ✓ i-smutok-i-radist  0.1 → 0.0 МБ
2026-09-04T18:32:48.241Z    ✓ inshe-zhittya  0.1 → 0.0 МБ
2026-09-04T18:32:48.249Z    ✓ vesilnij-buket  0.1 → 0.0 МБ
2026-09-04T18:32:48.280Z    ✓ i-zberegti-krihkogo-svitu-pam-yat  0.1 → 0.0 МБ
2026-09-04T18:32:48.281Z  --- оброблено 650 з 1000 ---
2026-09-04T18:32:49.071Z    ✓ bumerang  0.0 → 0.0 МБ
2026-09-04T18:32:49.089Z    ✓ vesna-rozpochnetsya-z-oseni  0.0 → 0.0 МБ
2026-09-04T18:32:49.110Z    ✓ pomichnik-boga333  0.1 → 0.0 МБ
2026-09-04T18:32:49.114Z    ✓ ti-ne-sama  0.1 → 0.0 МБ
2026-09-04T18:32:50.030Z    ✓ ekstremalnij-tranzit  1.1 → 0.1 МБ
2026-09-04T18:32:50.840Z    ✓ babina-hata  0.0 → 0.0 МБ
2026-09-04T18:32:50.876Z    ✓ de-vi-buli-koli-vas-ne-bulo  0.0 → 0.0 МБ
2026-09-04T18:32:50.879Z    ✓ i-mila-ros-i-zeleni-beregi-mene-navik-zacharuvali  0.1 → 0.0 МБ
2026-09-04T18:32:50.883Z    ✓ najkrashij-podarunok-na-rizdvo  0.1 → 0.0 МБ
2026-09-04T18:32:50.922Z    ✓ vin-lyubiv-pole  0.1 → 0.0 МБ
2026-09-04T18:32:51.680Z    ✓ ilona  0.0 → 0.0 МБ
2026-09-04T18:32:51.698Z    ✓ vipadok  0.0 → 0.0 МБ
2026-09-04T18:32:51.784Z    ✓ rabinya-chi-boginya  0.1 → 0.0 МБ
2026-09-04T18:32:51.792Z    ✓ lyudski-slozi-na-zemlyu-ne-padayut  0.1 → 0.0 МБ
2026-09-04T18:32:51.799Z    ✓ chorna-moroka-dlya-bilyavoyi-egoyistki  0.1 → 0.1 МБ
2026-09-04T18:32:52.551Z    ✓ dorogoyu-cinoyu  0.0 → 0.0 МБ
2026-09-04T18:32:52.566Z    ✓ pochuttya-rodinnosti  0.0 → 0.0 МБ
2026-09-04T18:32:52.607Z    ✓ ya-budu-tvoyeyu-druzhinoyu  0.0 → 0.0 МБ
2026-09-04T18:32:52.617Z    ✓ nadiya-dlya-nadiyi  0.0 → 0.0 МБ
2026-09-04T18:32:52.651Z    ✓ domovichok  0.1 → 0.0 МБ
2026-09-04T18:32:53.442Z    ✓ privela-nelyuda  0.1 → 0.0 МБ
2026-09-04T18:32:53.449Z    ✓ himka  0.0 → 0.0 МБ
2026-09-04T18:32:53.478Z    ✓ perervanij-son  0.1 → 0.1 МБ
2026-09-04T18:32:53.488Z    ✓ doli-ne-ominesh  0.1 → 0.0 МБ
2026-09-04T18:32:53.585Z    ✓ kurkul  0.1 → 0.1 МБ
2026-09-04T18:32:54.430Z    ✓ dobigalas  0.1 → 0.1 МБ
2026-09-04T18:32:54.436Z    ✓ lyubov-varta-vsogo  0.0 → 0.0 МБ
2026-09-04T18:32:54.443Z    ✓ ostannya-nedilya-pered-rizdvom  0.0 → 0.0 МБ
2026-09-04T18:32:54.445Z    ✓ hazyajka256  0.1 → 0.0 МБ
2026-09-04T18:32:54.454Z    ✓ nesvyata-vecherya  0.0 → 0.0 МБ
2026-09-04T18:32:55.308Z    ✓ potribni-lyudi  0.1 → 0.1 МБ
2026-09-04T18:32:55.318Z    ✓ igrashka  0.1 → 0.0 МБ
2026-09-04T18:32:55.329Z    ✓ pro-modu-i-ne-tilki  0.1 → 0.0 МБ
2026-09-04T18:32:55.335Z    ✓ serce-do-sercya  0.1 → 0.0 МБ
2026-09-04T18:32:55.399Z    ✓ lyubij-tatus  0.1 → 0.0 МБ
2026-09-04T18:32:56.253Z    ✓ zustrich-z-ditinstvom  0.1 → 0.0 МБ
2026-09-04T18:32:56.261Z    ✓ ne-dochekavsya  0.1 → 0.0 МБ
2026-09-04T18:32:56.280Z    ✓ yiyi-dolya  0.1 → 0.0 МБ
2026-09-04T18:32:56.283Z    ✓ pobavsya-zi-mnoyu  0.0 → 0.0 МБ
2026-09-04T18:32:56.343Z    ✓ moloko-z-medom  0.1 → 0.0 МБ
2026-09-04T18:32:57.186Z    ✓ zhinka-kvitka-zhinka-svyato  0.1 → 0.1 МБ
2026-09-04T18:32:57.188Z    ✓ hochesh-moroziva  0.1 → 0.0 МБ
2026-09-04T18:32:57.220Z    ✓ gnizdo-zhuravlya  0.1 → 0.1 МБ
2026-09-04T18:32:57.293Z    ✓ avstrijka  0.1 → 0.1 МБ
2026-09-04T18:32:57.324Z    ✓ virnij-drug  0.1 → 0.1 МБ
2026-09-04T18:32:58.143Z    ✓ podatok-na-sovist  0.0 → 0.0 МБ
2026-09-04T18:32:58.149Z    ✓ nema-provini-v-nelyubovi  0.1 → 0.0 МБ
2026-09-04T18:32:58.178Z    ✓ ne-zvikaj-do-mene-ya-ne-budu-vichno  0.1 → 0.0 МБ
2026-09-04T18:32:58.179Z    ✓ ne-girsha-za-inshih  0.1 → 0.0 МБ
2026-09-04T18:32:58.251Z    ✓ yakoyu-miroyu-miryayete-vi-takoyu-j-vam-vidmiryayut  0.1 → 0.0 МБ
2026-09-04T18:32:58.251Z  --- оброблено 700 з 1000 ---
2026-09-04T18:32:59.020Z    ✓ chas  0.0 → 0.0 МБ
2026-09-04T18:32:59.031Z    ✓ cherez-neyi  0.1 → 0.0 МБ
2026-09-04T18:32:59.069Z    ✓ shkilni-paraleli  0.1 → 0.0 МБ
2026-09-04T18:32:59.104Z    ✓ chuzhina-ne-zavzhdi-machuha  0.1 → 0.0 МБ
2026-09-04T18:32:59.120Z    ✓ kanikuli-v-seli  0.1 → 0.0 МБ
2026-09-04T18:32:59.976Z    ✓ kasya  0.1 → 0.0 МБ
2026-09-04T18:32:59.986Z    ✓ gist-nizvidki  0.1 → 0.0 МБ
2026-09-04T18:33:00.035Z    ✓ samotnist  0.1 → 0.0 МБ
2026-09-04T18:33:00.048Z    ✓ buti-poruch  0.1 → 0.0 МБ
2026-09-04T18:33:00.049Z    ✓ polina  0.1 → 0.0 МБ
2026-09-04T18:33:00.875Z    ✓ dochekajsya-nas  0.1 → 0.1 МБ
2026-09-04T18:33:00.903Z    ✓ v-yazka-klyuchiv  0.0 → 0.0 МБ
2026-09-04T18:33:00.922Z    ✓ prihod-do-mene-v-sni-sinochku  0.1 → 0.1 МБ
2026-09-04T18:33:00.924Z    ✓ znajshla-golku-v-kopici-sina  0.1 → 0.0 МБ
2026-09-04T18:33:01.254Z    ✓ obrazhena-i-zagublena  0.9 → 0.0 МБ
2026-09-04T18:33:02.047Z    ✓ ne-movchi  0.0 → 0.0 МБ
2026-09-04T18:33:02.061Z    ✓ pro-sho-movchat-abrikosi  0.1 → 0.0 МБ
2026-09-04T18:33:02.065Z    ✓ marusya  0.1 → 0.0 МБ
2026-09-04T18:33:02.085Z    ✓ zhittya-bez-pravil-ale-z-prikolami  0.1 → 0.0 МБ
2026-09-04T18:33:02.180Z    ✓ ryativnik  0.1 → 0.0 МБ
2026-09-04T18:33:03.000Z    ✓ ya-chekatimu-sinu  0.1 → 0.0 МБ
2026-09-04T18:33:03.030Z    ✓ na-andriya  0.0 → 0.0 МБ
2026-09-04T18:33:03.032Z    ✓ protezhe-pana-leontiya  0.1 → 0.0 МБ
2026-09-04T18:33:03.077Z    ✓ kelih-dlya-dzhulyetti  0.1 → 0.0 МБ
2026-09-04T18:33:03.133Z    ✓ trichi-vdova  0.1 → 0.0 МБ
2026-09-04T18:33:03.952Z    ✓ v-obijmah-nochi  0.1 → 0.0 МБ
2026-09-04T18:33:03.983Z    ✓ u-kozhnogo-ye-shans  0.1 → 0.0 МБ
2026-09-04T18:33:04.003Z    ✓ dityachi-spogadi  0.1 → 0.0 МБ
2026-09-04T18:33:04.009Z    ✓ use-zhittya-bez-velikodnya  0.1 → 0.0 МБ
2026-09-04T18:33:04.123Z    ✓ nenavist-u-spadok  0.1 → 0.1 МБ
2026-09-04T18:33:04.885Z    ✓ vijna-dobra-vchitelka  0.0 → 0.0 МБ
2026-09-04T18:33:04.948Z    ✓ list-do-mami-i-tata  0.0 → 0.0 МБ
2026-09-04T18:33:05.022Z    ✓ ti-ne-moya-mama1235  0.1 → 0.0 МБ
2026-09-04T18:33:05.031Z    ✓ grihi-molodosti  0.1 → 0.0 МБ
2026-09-04T18:33:05.915Z    ✓ sam  1.2 → 0.1 МБ
2026-09-04T18:33:06.730Z    ✓ praznik  0.1 → 0.0 МБ
2026-09-04T18:33:06.739Z    ✓ zadripanka  0.1 → 0.0 МБ
2026-09-04T18:33:06.778Z    ✓ do-somogo-kolina  0.1 → 0.0 МБ
2026-09-04T18:33:06.781Z    ✓ v-obijmah-snigu-i-tepla  0.1 → 0.0 МБ
2026-09-04T18:33:06.926Z    ✓ lyalechka  0.1 → 0.0 МБ
2026-09-04T18:33:07.754Z    ✓ zustrich-nasha-piznya  0.1 → 0.0 МБ
2026-09-04T18:33:07.755Z    ✓ zakohani-nashogo-mista  0.1 → 0.1 МБ
2026-09-04T18:33:07.760Z    ✓ posaditi-vishenku  0.1 → 0.0 МБ
2026-09-04T18:33:07.821Z    ✓ nareshti-shaslivij  0.1 → 0.1 МБ
2026-09-04T18:33:07.879Z    ✓ did-z-karabinom  0.1 → 0.1 МБ
2026-09-04T18:33:08.705Z    ✓ pomsta  0.0 → 0.0 МБ
2026-09-04T18:33:08.718Z    ✓ visluhaj-mene-abo-dama-z-sobachkoyu  0.1 → 0.0 МБ
2026-09-04T18:33:08.730Z    ✓ virodok  0.1 → 0.0 МБ
2026-09-04T18:33:08.768Z    ✓ kishka-irisi  0.1 → 0.1 МБ
2026-09-04T18:33:08.977Z    ✓ sin-do-vincya-a-donka-do-kincya  0.9 → 0.0 МБ
2026-09-04T18:33:08.978Z  --- оброблено 750 з 1000 ---
2026-09-04T18:33:09.786Z    ✓ ostannij-punkt  0.1 → 0.0 МБ
2026-09-04T18:33:09.817Z    ✓ raptom-zhiti-bez-tebe-ne-mozhu  0.1 → 0.0 МБ
2026-09-04T18:33:09.836Z    ✓ u-poshukah-son-travi  0.1 → 0.0 МБ
2026-09-04T18:33:09.851Z    ✓ istoriyi  0.1 → 0.1 МБ
2026-09-04T18:33:10.030Z    ✓ uvi-sni-i-nayavu  0.1 → 0.1 МБ
2026-09-04T18:33:10.866Z    ✓ vtrachene-shastya  0.0 → 0.0 МБ
2026-09-04T18:33:10.882Z    ✓ osinnij-vals  0.1 → 0.0 МБ
2026-09-04T18:33:10.901Z    ✓ to-ne-tvij-drug  0.1 → 0.0 МБ
2026-09-04T18:33:10.920Z    ✓ malenka-vidmochka658  0.1 → 0.0 МБ
2026-09-04T18:33:10.924Z    ✓ probach  0.0 → 0.0 МБ
2026-09-04T18:33:11.721Z    ✓ donka-kuhovarki  0.1 → 0.0 МБ
2026-09-04T18:33:11.740Z    ✓ i-bil-i-zrada-i-kohannya  0.0 → 0.0 МБ
2026-09-04T18:33:11.766Z    ✓ did-yashko  0.0 → 0.0 МБ
2026-09-04T18:33:11.804Z    ✓ supernicya  0.1 → 0.0 МБ
2026-09-04T18:33:11.857Z    ✓ hto-vam-skazav-sho-ya-ne-shasliva  0.1 → 0.0 МБ
2026-09-04T18:33:12.662Z    ✓ vidnovlennya-zv-yazku  0.1 → 0.0 МБ
2026-09-04T18:33:12.667Z    ✓ najkrasha-u-sviti  0.1 → 0.0 МБ
2026-09-04T18:33:12.684Z    ✓ chogo-bagati-plachut333888  0.1 → 0.1 МБ
2026-09-04T18:33:12.793Z    ✓ majbutnye-shastya  0.0 → 0.0 МБ
2026-09-04T18:33:12.797Z    ✓ inesa  0.1 → 0.0 МБ
2026-09-04T18:33:13.639Z    ✓ odin-den-bagato-chi-malo  0.1 → 0.0 МБ
2026-09-04T18:33:13.664Z    ✓ yiyi-znajshov-amur  0.1 → 0.1 МБ
2026-09-04T18:33:13.678Z    ✓ rozbiti-kolina-goyatsya-za-den-rozbite-zhittya-nikoli  0.1 → 0.0 МБ
2026-09-04T18:33:13.901Z    ✓ privit-iz-minulogo  0.1 → 0.1 МБ
2026-09-04T18:33:14.209Z    ✓ ravlikovi-istoriyi  0.1 → 0.1 МБ
2026-09-04T18:33:15.049Z    ✓ skik-skok-babusyu  0.1 → 0.0 МБ
2026-09-04T18:33:15.060Z    ✓ a-mati-vse-proshaye22  0.1 → 0.0 МБ
2026-09-04T18:33:15.083Z    ✓ klanyayusya-vashij-rodini-olgo-petrivno  0.1 → 0.0 МБ
2026-09-04T18:33:15.212Z    ✓ mi-z-toboyu-ridni-hocha-j-ne-krovni  0.1 → 0.0 МБ
2026-09-04T18:33:15.539Z    ✓ usinovlennya  0.1 → 0.0 МБ
2026-09-04T18:33:16.360Z    ✓ shafa-kishka-ta-znaki-vsesvitu  0.1 → 0.0 МБ
2026-09-04T18:33:16.378Z    ✓ groza  0.1 → 0.1 МБ
2026-09-04T18:33:16.478Z    ✓ divina-abo-znovu-pro-cinnosti  0.0 → 0.0 МБ
2026-09-04T18:33:16.542Z    ✓ poranena-v-serce  0.1 → 0.1 МБ
2026-09-04T18:33:16.768Z    ✓ lishe-kohannya-buvaye-vichnim  0.1 → 0.1 МБ
2026-09-04T18:33:17.570Z    ✓ popelyushka-u-velikomu-misti  0.1 → 0.0 МБ
2026-09-04T18:33:17.628Z    ✓ zhittya-spiral  0.1 → 0.0 МБ
2026-09-04T18:33:17.638Z    ✓ zhittya-prodovzhuyetsya  0.0 → 0.0 МБ
2026-09-04T18:33:17.679Z    ✓ ne-bijsya-tilki-vir  0.0 → 0.0 МБ
2026-09-04T18:33:17.755Z    ✓ serjozna-divchina  0.1 → 0.1 МБ
2026-09-04T18:33:18.549Z    ✓ she-ne-chas  0.1 → 0.0 МБ
2026-09-04T18:33:18.558Z    ✓ use-vchasno  0.0 → 0.0 МБ
2026-09-04T18:33:18.617Z    ✓ movchun23  0.1 → 0.0 МБ
2026-09-04T18:33:18.650Z    ✓ marfina-olka  0.1 → 0.0 МБ
2026-09-04T18:33:18.673Z    ✓ nepotribna  0.1 → 0.0 МБ
2026-09-04T18:33:19.516Z    ✓ dva-choloviki-dvi-doli  0.1 → 0.0 МБ
2026-09-04T18:33:19.530Z    ✓ bachat-ne-tilki-ochima  0.0 → 0.0 МБ
2026-09-04T18:33:19.567Z    ✓ i-serpen-zapahne-vesnoyu  0.1 → 0.0 МБ
2026-09-04T18:33:19.568Z    ✓ vdova  0.1 → 0.0 МБ
2026-09-04T18:33:19.843Z    ✓ pidstupna-diyeta  0.1 → 0.1 МБ
2026-09-04T18:33:19.844Z  --- оброблено 800 з 1000 ---
2026-09-04T18:33:20.674Z    ✓ pivniki  0.1 → 0.0 МБ
2026-09-04T18:33:20.690Z    ✓ ivan-lidovich-abo-shiri-molitvi  0.1 → 0.0 МБ
2026-09-04T18:33:20.751Z    ✓ pani-ptashka  0.1 → 0.0 МБ
2026-09-04T18:33:20.875Z    ✓ krishtaleva-vaza  0.4 → 0.0 МБ
2026-09-04T18:33:21.068Z    ✓ sila-neroztrachenogo-kohannya  0.0 → 0.0 МБ
2026-09-04T18:33:21.920Z    ✓ osinnya-mozayika  0.1 → 0.0 МБ
2026-09-04T18:33:21.940Z    ✓ najdorozhchij-drug  0.0 → 0.0 МБ
2026-09-04T18:33:21.941Z    ✓ edelvejsi-talisman-kohannya  0.1 → 0.1 МБ
2026-09-04T18:33:21.991Z    ✓ letimo  0.1 → 0.1 МБ
2026-09-04T18:33:22.188Z    ✓ ciganske-shastya  0.1 → 0.0 МБ
2026-09-04T18:33:22.999Z    ✓ bonusi-do-karmi  0.1 → 0.0 МБ
2026-09-04T18:33:23.129Z    ✓ persha-istoriya-kohannya  0.0 → 0.0 МБ
2026-09-04T18:33:23.228Z    ✓ ne-lorelej  0.1 → 0.0 МБ
2026-09-04T18:33:23.239Z    ✓ virazhi  0.1 → 0.0 МБ
2026-09-04T18:33:23.269Z    ✓ tochka-nepovernennya  0.1 → 0.1 МБ
2026-09-04T18:33:24.092Z    ✓ zguba  0.1 → 0.0 МБ
2026-09-04T18:33:24.153Z    ✓ zazulya  0.0 → 0.0 МБ
2026-09-04T18:33:24.163Z    ✓ zaradi-zhittya  0.1 → 0.0 МБ
2026-09-04T18:33:24.176Z    ✓ girkij-velikden  0.1 → 0.0 МБ
2026-09-04T18:33:24.182Z    ✓ dyadechku-dopomozhit  0.1 → 0.0 МБ
2026-09-04T18:33:24.968Z    ✓ dzvinok-vid-doli  0.0 → 0.0 МБ
2026-09-04T18:33:25.014Z    ✓ derevo-dim-sin  0.1 → 0.0 МБ
2026-09-04T18:33:25.032Z    ✓ chuzha-krov  0.1 → 0.0 МБ
2026-09-04T18:33:25.142Z    ✓ tak-nihto-ne-kohav  0.1 → 0.1 МБ
2026-09-04T18:33:25.671Z    ✓ dozvolyayu-sebe-lyubiti  0.1 → 0.0 МБ
2026-09-04T18:33:26.475Z    ✓ byuro-dobrih-poslug  0.1 → 0.0 МБ
2026-09-04T18:33:26.533Z    ✓ zaboronena-lyubov  0.1 → 0.0 МБ
2026-09-04T18:33:26.536Z    ✓ vishneve-bakelitove-namisto  0.1 → 0.0 МБ
2026-09-04T18:33:26.538Z    ✓ vesilna-suknya  0.1 → 0.0 МБ
2026-09-04T18:33:26.803Z    ✓ use-v-zhitti-povertayetsya  0.1 → 0.1 МБ
2026-09-04T18:33:27.600Z    ✓ teoriya-vidnosnosti  0.1 → 0.0 МБ
2026-09-04T18:33:27.633Z    ✓ u-dolonyah-spokoyu  0.1 → 0.1 МБ
2026-09-04T18:33:27.688Z    ✓ bozhi-plani  0.1 → 0.0 МБ
2026-09-04T18:33:27.759Z    ✓ de-zakinchuyetsya-samotnist  0.1 → 0.0 МБ
2026-09-04T18:33:28.014Z    ✓ pogrib  0.0 → 0.0 МБ
2026-09-04T18:33:28.801Z    ✓ vishnevi-ochi  0.1 → 0.0 МБ
2026-09-04T18:33:28.806Z    ✓ podorozh-do-krayini-rukokrilih  0.0 → 0.0 МБ
2026-09-04T18:33:28.807Z    ✓ nenavist  0.0 → 0.0 МБ
2026-09-04T18:33:28.832Z    ✓ bidni-diti  0.1 → 0.0 МБ
2026-09-04T18:33:29.229Z    ✓ ti-z-lyubovi-sobi-ne-zhartuj  1.0 → 0.0 МБ
2026-09-04T18:33:30.036Z    ✓ shalaput  0.0 → 0.0 МБ
2026-09-04T18:33:30.052Z    ✓ nevgamovna-divachka  0.1 → 0.0 МБ
2026-09-04T18:33:30.080Z    ✓ ne-dorivnyuye-buti-shaslivim  0.1 → 0.0 МБ
2026-09-04T18:33:30.101Z    ✓ pomilka-minulogo  0.1 → 0.0 МБ
2026-09-04T18:33:30.131Z    ✓ sanatorij  0.1 → 0.0 МБ
2026-09-04T18:33:30.967Z    ✓ chuzhi-ridni-lyudi  0.1 → 0.0 МБ
2026-09-04T18:33:31.001Z    ✓ batkom-buti-legko  0.0 → 0.0 МБ
2026-09-04T18:33:31.020Z    ✓ shulikunchiki  0.0 → 0.0 МБ
2026-09-04T18:33:31.037Z    ✓ a-treba-zhiti  0.0 → 0.0 МБ
2026-09-04T18:33:31.211Z    ✓ vstigati-zhiti  0.1 → 0.1 МБ
2026-09-04T18:33:31.211Z  --- оброблено 850 з 1000 ---
2026-09-04T18:33:31.993Z    ✓ viriti-v-diva  0.1 → 0.0 МБ
2026-09-04T18:33:32.053Z    ✓ dobre-sho-vzyala-groshima  0.1 → 0.1 МБ
2026-09-04T18:33:32.072Z    ✓ elza-zaboronene-kohannya  0.1 → 0.1 МБ
2026-09-04T18:33:32.078Z    ✓ cheremha  0.1 → 0.0 МБ
2026-09-04T18:33:32.184Z    ✓ motuzka  0.1 → 0.1 МБ
2026-09-04T18:33:32.992Z    ✓ nova-pomada  0.1 → 0.0 МБ
2026-09-04T18:33:33.027Z    ✓ zaradi-ditini  0.1 → 0.0 МБ
2026-09-04T18:33:33.032Z    ✓ a-mati-vse-proshaye  0.1 → 0.0 МБ
2026-09-04T18:33:33.146Z    ✓ ne-vihovujte-litnih-batkiv  0.1 → 0.1 МБ
2026-09-04T18:33:33.155Z    ✓ shuhlyada-z-likami  0.1 → 0.1 МБ
2026-09-04T18:33:34.006Z    ✓ hranitel-mrij  0.1 → 0.0 МБ
2026-09-04T18:33:34.029Z    ✓ zhiv-buv-shrek-abo-istoriya-pro-te-sho-pravit-svitom  0.1 → 0.0 МБ
2026-09-04T18:33:34.066Z    ✓ shastya-v-cholovichih-dolonyah  0.1 → 0.0 МБ
2026-09-04T18:33:34.071Z    ✓ upershe  0.0 → 0.0 МБ
2026-09-04T18:33:34.098Z    ✓ tiha-voda-greblyu-rve  0.1 → 0.0 МБ
2026-09-04T18:33:34.914Z    ✓ zabilili-snigi-zabilili-na-cilomu-sviti  0.1 → 0.0 МБ
2026-09-04T18:33:34.920Z    ✓ bogom-danij  0.0 → 0.0 МБ
2026-09-04T18:33:34.922Z    ✓ druga-nevistka  0.1 → 0.0 МБ
2026-09-04T18:33:35.006Z    ✓ sestri256  0.1 → 0.0 МБ
2026-09-04T18:33:35.438Z    ✓ sanstanciya  0.1 → 0.1 МБ
2026-09-04T18:33:36.222Z    ✓ dorofeeva-ta-misha-lebiga-pro-spilnu-pisnyu-ta-dopomogu-zsu  0.1 → 0.0 МБ
2026-09-04T18:33:36.238Z    ✓ sintetichni-kviti-z-zhivim-pidtekstom36  0.1 → 0.0 МБ
2026-09-04T18:33:36.296Z    ✓ nedobrij  0.1 → 0.0 МБ
2026-09-04T18:33:36.497Z    ✓ list-do-svyatogo-valentina  0.1 → 0.0 МБ
2026-09-04T18:33:37.052Z    ✓ spogadi-z-ditinstva  0.1 → 0.1 МБ
2026-09-04T18:33:37.890Z    ✓ chuzhu-bidu-rukami-rozvedu  0.1 → 0.0 МБ
2026-09-04T18:33:37.937Z    ✓ diva-traplyayutsya  0.1 → 0.0 МБ
2026-09-04T18:33:37.948Z    ✓ tebe-poklikalo-nebo  0.0 → 0.0 МБ
2026-09-04T18:33:37.966Z    ✓ smert-u-gribnomu-koshiku  0.0 → 0.0 МБ
2026-09-04T18:33:38.025Z    ✓ ne-povertaj-mene-v-minule  0.1 → 0.0 МБ
2026-09-04T18:33:38.842Z    ✓ poganij-spadok2598  0.1 → 0.0 МБ
2026-09-04T18:33:38.854Z    ✓ viter-v-oblichchya369  0.1 → 0.0 МБ
2026-09-04T18:33:38.888Z    ✓ zmarnovani-zhittya526  0.1 → 0.0 МБ
2026-09-04T18:33:39.024Z    ✓ nezlamna-batkivska-lyubov  0.1 → 0.1 МБ
2026-09-04T18:33:39.185Z    ✓ rodinni-teneta  0.1 → 0.0 МБ
2026-09-04T18:33:39.929Z    ✓ zhinocha-intuyiciya  0.0 → 0.0 МБ
2026-09-04T18:33:39.972Z    ✓ kolyuchki-vid-troyandi  0.0 → 0.0 МБ
2026-09-04T18:33:40.053Z    ✓ nedovira  0.1 → 0.1 МБ
2026-09-04T18:33:40.071Z    ✓ son-u-ruku  0.0 → 0.0 МБ
2026-09-04T18:33:40.334Z    ✓ klyatva  0.1 → 0.1 МБ
2026-09-04T18:33:41.153Z    ✓ donka-za-viklikom  0.1 → 0.0 МБ
2026-09-04T18:33:41.208Z    ✓ vibir  0.1 → 0.0 МБ
2026-09-04T18:33:41.220Z    ✓ bazhanij-narechenij  0.1 → 0.1 МБ
2026-09-04T18:33:41.447Z    ✓ volonterka  0.1 → 0.0 МБ
2026-09-04T18:33:41.754Z    ✓ i-prosti-nam-provini-nashi22  0.1 → 0.0 МБ
2026-09-04T18:33:42.558Z    ✓ zhittya-ne-take-vzhe-j-pogane  0.1 → 0.0 МБ
2026-09-04T18:33:42.581Z    ✓ vtrachene-pokolinnya-abo-movchannya-yagnyat  0.1 → 0.0 МБ
2026-09-04T18:33:42.615Z    ✓ ti-ne-moya-mama  0.1 → 0.0 МБ
2026-09-04T18:33:42.675Z    ✓ starij-kapelyuh  0.0 → 0.0 МБ
2026-09-04T18:33:42.968Z    ✓ pianistka-i-tilki  1.0 → 0.0 МБ
2026-09-04T18:33:42.969Z  --- оброблено 900 з 1000 ---
2026-09-04T18:33:43.772Z    ✓ tereza  0.0 → 0.0 МБ
2026-09-04T18:33:43.775Z    ✓ kudi-privodyat-mriyi  0.1 → 0.0 МБ
2026-09-04T18:33:43.786Z    ✓ gorishki  0.1 → 0.0 МБ
2026-09-04T18:33:43.851Z    ✓ golovna-rol  0.1 → 0.0 МБ
2026-09-04T18:33:43.894Z    ✓ tepli-ruki  0.1 → 0.1 МБ
2026-09-04T18:33:44.709Z    ✓ a-ya-lyublyu-lyublyu-yak-v-yunosti  0.1 → 0.0 МБ
2026-09-04T18:33:44.748Z    ✓ zalishki-imeninnogo-torta1  0.1 → 0.0 МБ
2026-09-04T18:33:44.749Z    ✓ povernisya-zhivim  0.0 → 0.0 МБ
2026-09-04T18:33:44.756Z    ✓ nils  0.1 → 0.0 МБ
2026-09-04T18:33:44.803Z    ✓ vishivala-dolyu-mati  0.1 → 0.0 МБ
2026-09-04T18:33:45.638Z    ✓ diti-kviti  0.1 → 0.0 МБ
2026-09-04T18:33:45.662Z    ✓ nichni-gosti  0.1 → 0.0 МБ
2026-09-04T18:33:45.688Z    ✓ ti-moye-rizdvo  0.1 → 0.0 МБ
2026-09-04T18:33:45.710Z    ✓ cherevichki-dlya-dvoh-sester  0.1 → 0.0 МБ
2026-09-04T18:33:45.815Z    ✓ rizdvo-dlya-viri  0.1 → 0.0 МБ
2026-09-04T18:33:46.644Z    ✓ svekruhi-j-nevistki  0.1 → 0.1 МБ
2026-09-04T18:33:46.695Z    ✓ i-cya-zima-trivozhna-bezkinechna-vse-odno-pishla-u-nebuttya  0.1 → 0.1 МБ
2026-09-04T18:33:46.800Z    ✓ slipa  0.2 → 0.1 МБ
2026-09-04T18:33:46.807Z    ✓ gnatiha  0.1 → 0.1 МБ
2026-09-04T18:33:46.843Z    ✓ lyubov-materinska  0.1 → 0.0 МБ
2026-09-04T18:33:47.606Z    ✓ ne-do-zhartiv  0.0 → 0.0 МБ
2026-09-04T18:33:47.643Z    ✓ zozulya  0.1 → 0.0 МБ
2026-09-04T18:33:47.652Z    ✓ ya-ne-mozhu-bez-vas-zhiti  0.0 → 0.0 МБ
2026-09-04T18:33:47.697Z    ✓ shlyah-do-shastya  0.0 → 0.0 МБ
2026-09-04T18:33:47.748Z    ✓ dyakuj-bogovi-sho-ti-ne-vona  0.1 → 0.0 МБ
2026-09-04T18:33:48.556Z    ✓ tri-zustrichi-i-tri-rozluki  0.1 → 0.0 МБ
2026-09-04T18:33:48.584Z    ✓ mamina-hustina  0.1 → 0.0 МБ
2026-09-04T18:33:48.593Z    ✓ ya-povernusya-v-nash-najkrashij-den333  0.1 → 0.0 МБ
2026-09-04T18:33:48.634Z    ✓ tam-de-moye-serce  0.1 → 0.0 МБ
2026-09-04T18:33:48.796Z    ✓ vesni-dalekogo-ditinstva  0.1 → 0.1 МБ
2026-09-04T18:33:49.610Z    ✓ zhittyevi-viprobuvannya  0.1 → 0.0 МБ
2026-09-04T18:33:49.627Z    ✓ kupi-meni-tahinnoyi-halvi  0.1 → 0.0 МБ
2026-09-04T18:33:49.684Z    ✓ smaki-i-spogadi-lita  0.1 → 0.1 МБ
2026-09-04T18:33:49.691Z    ✓ princ-u-mashini  0.1 → 0.0 МБ
2026-09-04T18:33:49.799Z    ✓ dveri  0.1 → 0.1 МБ
2026-09-04T18:33:50.667Z    ✓ na-geshtalt-terapiyu-v-selo  0.1 → 0.1 МБ
2026-09-04T18:33:50.669Z    ✓ nespravzhnya-vesna698  0.1 → 0.0 МБ
2026-09-04T18:33:50.690Z    ✓ yakogo-koloru-snig  0.1 → 0.1 МБ
2026-09-04T18:33:50.744Z    ✓ ne-bulo-b-shastya-yakbi  0.1 → 0.1 МБ
2026-09-04T18:33:51.887Z    ✓ kobila-rajka  0.1 → 0.0 МБ
2026-09-04T18:33:52.678Z    ✓ use-do-krashogo  0.1 → 0.0 МБ
2026-09-04T18:33:52.680Z    ✓ peredumala  0.0 → 0.0 МБ
2026-09-04T18:33:52.715Z    ✓ grishnik  0.1 → 0.0 МБ
2026-09-04T18:33:52.736Z    ✓ chereviki  0.1 → 0.0 МБ
2026-09-04T18:33:52.756Z    ✓ yangol-ohoronec-u-kotyachij-shkuri  0.1 → 0.0 МБ
2026-09-04T18:33:53.600Z    ✓ yavdoha  0.1 → 0.0 МБ
2026-09-04T18:33:53.653Z    ✓ chortove-koleso  0.1 → 0.0 МБ
2026-09-04T18:33:53.686Z    ✓ babusi-i-vnuki  0.1 → 0.0 МБ
2026-09-04T18:33:53.690Z    ✓ soroki  0.1 → 0.0 МБ
2026-09-04T18:33:53.739Z    ✓ sestri658  0.1 → 0.0 МБ
2026-09-04T18:33:53.739Z  --- оброблено 950 з 1000 ---
2026-09-04T18:33:54.518Z    ✓ blagodatna-kupil  0.0 → 0.0 МБ
2026-09-04T18:33:54.536Z    ✓ zoloti-serezhki  0.1 → 0.0 МБ
2026-09-04T18:33:54.569Z    ✓ chornij-den-z-biloyu-oznakoyu8923  0.1 → 0.0 МБ
2026-09-04T18:33:54.611Z    ✓ chi-prihodit-svyatij-mikolaj-do-studentiv  0.1 → 0.1 МБ
2026-09-04T18:33:54.641Z    ✓ viddala-tobi-svoye  0.1 → 0.0 МБ
2026-09-04T18:33:55.445Z    ✓ nezlamni  0.1 → 0.0 МБ
2026-09-04T18:33:55.506Z    ✓ sumna-kolyada  0.1 → 0.0 МБ
2026-09-04T18:33:55.541Z    ✓ lisova-stezhka  0.1 → 0.1 МБ
2026-09-04T18:33:55.548Z    ✓ kameya-z-madonnoyu  0.1 → 0.1 МБ
2026-09-04T18:33:55.735Z    ✓ ti-meni-obicyav  0.0 → 0.0 МБ
2026-09-04T18:33:56.552Z    ✓ raj-na-zemli  0.1 → 0.0 МБ
2026-09-04T18:33:56.575Z    ✓ zcileni-sercya2222  0.0 → 0.0 МБ
2026-09-04T18:33:56.582Z    ✓ snovida  0.1 → 0.1 МБ
2026-09-04T18:33:56.604Z    ✓ kolya-i-dolya  0.1 → 0.0 МБ
2026-09-04T18:33:56.816Z    ✓ pani-kasya  0.1 → 0.0 МБ
2026-09-04T18:33:57.606Z    ✓ zustrich-u-travni  0.1 → 0.0 МБ
2026-09-04T18:33:57.650Z    ✓ za-misyac-do-rizdva  0.1 → 0.0 МБ
2026-09-04T18:33:57.685Z    ✓ pari  0.1 → 0.1 МБ
2026-09-04T18:33:57.817Z    ✓ chemna-sofijka  0.1 → 0.1 МБ
2026-09-04T18:33:57.819Z    ✓ lyubov22  0.1 → 0.1 МБ
2026-09-04T18:33:58.574Z    ✓ mriya-malenkoyi-divchinki  0.0 → 0.0 МБ
2026-09-04T18:33:58.617Z    ✓ hoch-skilki-vovka-goduj-a-vin-use-v-lis-divitsya  0.1 → 0.0 МБ
2026-09-04T18:33:58.637Z    ✓ poganij-spadok  0.1 → 0.0 МБ
2026-09-04T18:33:58.654Z    ✓ zapah-yabluk  0.1 → 0.0 МБ
2026-09-04T18:33:58.766Z    ✓ topolina-balada  0.1 → 0.1 МБ
2026-09-04T18:33:59.482Z    ✓ kelih-z-girkotoyu  0.0 → 0.0 МБ
2026-09-04T18:33:59.504Z    ✓ list  0.0 → 0.0 МБ
2026-09-04T18:33:59.554Z    ✓ ziznannya  0.0 → 0.0 МБ
2026-09-04T18:33:59.588Z    ✓ parasolka  0.1 → 0.0 МБ
2026-09-04T18:33:59.684Z    ✓ yavir-gomonit  0.1 → 0.1 МБ
2026-09-04T18:34:00.479Z    ✓ zgubna-krasa369  0.1 → 0.0 МБ
2026-09-04T18:34:00.515Z    ✓ grigorove-gore  0.1 → 0.0 МБ
2026-09-04T18:34:00.539Z    ✓ u-gosti-do-pershoyi-vchitelki  0.1 → 0.0 МБ
2026-09-04T18:34:00.559Z    ✓ pomsta-doli  0.1 → 0.1 МБ
2026-09-04T18:34:00.615Z    ✓ prigodi-mili-ta-pana-kota  0.1 → 0.1 МБ
2026-09-04T18:34:01.447Z    ✓ lesya-bodya  0.1 → 0.0 МБ
2026-09-04T18:34:01.482Z    ✓ pomidori-i-piznye-kohannya  0.1 → 0.0 МБ
2026-09-04T18:34:01.486Z    ✓ firmova-usmishka  0.1 → 0.0 МБ
2026-09-04T18:34:01.530Z    ✓ rozbita-vaza  0.1 → 0.1 МБ
2026-09-04T18:34:01.619Z    ✓ psihoterapiya-dlya-psihologini  0.1 → 0.1 МБ
2026-09-04T18:34:02.427Z    ✓ ya-ne-vizhivayu-ya-zhivu  0.1 → 0.0 МБ
2026-09-04T18:34:02.461Z    ✓ princesa-i-bezhatchenko  0.1 → 0.0 МБ
2026-09-04T18:34:02.482Z    ✓ podrugi-na-vikend  0.1 → 0.1 МБ
2026-09-04T18:34:02.484Z    ✓ starij-kapelyuh-2  0.0 → 0.0 МБ
2026-09-04T18:34:02.547Z    ✓ gora  0.1 → 0.1 МБ
2026-09-04T18:34:03.318Z    ✓ kit-u-chobotyah  0.0 → 0.0 МБ
2026-09-04T18:34:03.362Z    ✓ vtracheni-roki  0.1 → 0.0 МБ
2026-09-04T18:34:03.385Z    ✓ bula-b-shasliva-yakbi-ne-vichni-okupanti  0.1 → 0.1 МБ
2026-09-04T18:34:03.393Z    ✓ dobrij-znak  0.1 → 0.0 МБ
2026-09-04T18:34:03.861Z    ✓ mertva-druzhba  0.1 → 0.1 МБ
2026-09-04T18:34:03.862Z  --- оброблено 1000 з 1000 ---
2026-09-04T18:34:04.167Z  
2026-09-04T18:34:04.168Z  === ПІДСУМОК ===
2026-09-04T18:34:04.171Z  Перенесено:  1000
2026-09-04T18:34:04.175Z  Не вдалося:  0
2026-09-04T18:34:04.176Z  Обсяг було:  78.2 МБ
2026-09-04T18:34:04.178Z  Обсяг стало: 38.3 МБ
2026-09-04T18:34:04.180Z  Стиснення:   51%
2026-09-04T18:34:04.182Z  
2026-09-04T18:34:04.185Z  Повний журнал: migrate-covers.log
2026-09-04T18:34:37.534Z  === ПЕРЕНЕСЕННЯ ===
2026-09-04T18:34:38.861Z  Знайдено записів для перенесення: 21
2026-09-04T18:34:40.026Z    ✓ brat-sobi-rad-sestra-sobi-nesla  0.1 → 0.1 МБ
2026-09-04T18:34:40.031Z    ✓ she-odin-den-anni-ivanivni  0.1 → 0.0 МБ
2026-09-04T18:34:40.046Z    ✓ lanochka-i-ruslanochka  0.1 → 0.0 МБ
2026-09-04T18:34:40.305Z    ✓ mozhlivo  0.0 → 0.0 МБ
2026-09-04T18:34:40.866Z    ✓ roman-bilan-bdzhola-bezperervno-pracyuye-vse-zhittya  0.1 → 0.0 МБ
2026-09-04T18:34:41.701Z    ✓ gnili-grushki  0.0 → 0.0 МБ
2026-09-04T18:34:41.740Z    ✓ amneziya  0.1 → 0.0 МБ
2026-09-04T18:34:41.793Z    ✓ den-sho-zminiv-moye-zhittya  0.1 → 0.0 МБ
2026-09-04T18:34:41.858Z    ✓ foto-na-pam-yat  0.1 → 0.0 МБ
2026-09-04T18:34:41.862Z    ✓ pekla-baba-paski  0.1 → 0.1 МБ
2026-09-04T18:34:42.671Z    ✓ sonce-sered-doshu  0.1 → 0.0 МБ
2026-09-04T18:34:42.711Z    ✓ morozivo-dlya-princesi  0.1 → 0.0 МБ
2026-09-04T18:34:42.746Z    ✓ magiya-v-budennosti  0.1 → 0.0 МБ
2026-09-04T18:34:42.799Z    ✓ shob-ne-opav-zarano-cvit  0.1 → 0.1 МБ
2026-09-04T18:34:43.185Z    ✓ babusya-i-plyacok-z-yabluk  0.1 → 0.1 МБ
2026-09-04T18:34:44.008Z    ✓ na-rozpechenomu-vugilli  0.0 → 0.0 МБ
2026-09-04T18:34:44.067Z    ✓ mriyi-zdijsnyuyutsya  0.1 → 0.0 МБ
2026-09-04T18:34:44.075Z    ✓ vidbivsya-vid-ruk  0.1 → 0.1 МБ
2026-09-04T18:34:44.126Z    ✓ kirilo  0.1 → 0.1 МБ
2026-09-04T18:34:44.154Z    ✓ teper-ya-vzhe-ne-boyusya  0.1 → 0.1 МБ
2026-09-04T18:34:45.110Z    ✓ revansh  0.1 → 0.0 МБ
2026-09-04T18:34:45.411Z  
2026-09-04T18:34:45.412Z  === ПІДСУМОК ===
2026-09-04T18:34:45.416Z  Перенесено:  21
2026-09-04T18:34:45.420Z  Не вдалося:  0
2026-09-04T18:34:45.422Z  Обсяг було:  1.6 МБ
2026-09-04T18:34:45.426Z  Обсяг стало: 1.0 МБ
2026-09-04T18:34:45.427Z  Стиснення:   38%
2026-09-04T18:34:45.431Z  
2026-09-04T18:34:45.432Z  Повний журнал: migrate-covers.log
